Component: ARM Compiler 5.06 update 1 (build 61) Tool: armlink [4d35a8]

==============================================================================

Section Cross References

    tap wars.o(i.Game) refers to _printf_percent.o(.ARM.Collect$$_printf_percent$$00000000) for _printf_percent
    tap wars.o(i.Game) refers to _printf_i.o(.ARM.Collect$$_printf_percent$$00000008) for _printf_i
    tap wars.o(i.Game) refers to _printf_dec.o(.text) for _printf_int_dec
    tap wars.o(i.Game) refers to glcd_746g_discovery.o(i.GLCD_ClearScreen) for GLCD_ClearScreen
    tap wars.o(i.Game) refers to glcd_746g_discovery.o(i.GLCD_SetForegroundColor) for GLCD_SetForegroundColor
    tap wars.o(i.Game) refers to glcd_746g_discovery.o(i.GLCD_DrawVLine) for GLCD_DrawVLine
    tap wars.o(i.Game) refers to glcd_746g_discovery.o(i.GLCD_SetFont) for GLCD_SetFont
    tap wars.o(i.Game) refers to noretval__2sprintf.o(.text) for __2sprintf
    tap wars.o(i.Game) refers to glcd_746g_discovery.o(i.GLCD_DrawString) for GLCD_DrawString
    tap wars.o(i.Game) refers to stm32f7xx_hal_gpio.o(i.HAL_GPIO_ReadPin) for HAL_GPIO_ReadPin
    tap wars.o(i.Game) refers to tap wars.o(i.Winner) for Winner
    tap wars.o(i.Game) refers to glcd_fonts.o(.constdata) for GLCD_Font_16x24
    tap wars.o(i.HAL_GetTick) refers to rt_time.o(.data) for os_time
    tap wars.o(i.MainMenu) refers to _printf_percent.o(.ARM.Collect$$_printf_percent$$00000000) for _printf_percent
    tap wars.o(i.MainMenu) refers to _printf_i.o(.ARM.Collect$$_printf_percent$$00000008) for _printf_i
    tap wars.o(i.MainMenu) refers to _printf_dec.o(.text) for _printf_int_dec
    tap wars.o(i.MainMenu) refers to stm32f7xx_hal.o(i.HAL_Init) for HAL_Init
    tap wars.o(i.MainMenu) refers to tap wars.o(i.SystemClock_Config) for SystemClock_Config
    tap wars.o(i.MainMenu) refers to touch_746g_discovery.o(i.Touch_Initialize) for Touch_Initialize
    tap wars.o(i.MainMenu) refers to glcd_746g_discovery.o(i.GLCD_Initialize) for GLCD_Initialize
    tap wars.o(i.MainMenu) refers to glcd_746g_discovery.o(i.GLCD_ClearScreen) for GLCD_ClearScreen
    tap wars.o(i.MainMenu) refers to glcd_746g_discovery.o(i.GLCD_SetFont) for GLCD_SetFont
    tap wars.o(i.MainMenu) refers to glcd_746g_discovery.o(i.GLCD_SetForegroundColor) for GLCD_SetForegroundColor
    tap wars.o(i.MainMenu) refers to glcd_746g_discovery.o(i.GLCD_DrawString) for GLCD_DrawString
    tap wars.o(i.MainMenu) refers to glcd_746g_discovery.o(i.GLCD_DrawRectangle) for GLCD_DrawRectangle
    tap wars.o(i.MainMenu) refers to noretval__2sprintf.o(.text) for __2sprintf
    tap wars.o(i.MainMenu) refers to touch_746g_discovery.o(i.Touch_GetState) for Touch_GetState
    tap wars.o(i.MainMenu) refers to tap wars.o(i.Game) for Game
    tap wars.o(i.MainMenu) refers to stm32f7xx_hal.o(i.HAL_Delay) for HAL_Delay
    tap wars.o(i.MainMenu) refers to glcd_fonts.o(.constdata) for GLCD_Font_16x24
    tap wars.o(i.MainMenu) refers to tap wars.o(.conststring) for .conststring
    tap wars.o(i.Periphral) refers to stm32f7xx_hal_gpio.o(i.HAL_GPIO_WritePin) for HAL_GPIO_WritePin
    tap wars.o(i.Periphral) refers to stm32f7xx_hal.o(i.HAL_Delay) for HAL_Delay
    tap wars.o(i.SystemClock_Config) refers to stm32f7xx_hal_rcc.o(i.HAL_RCC_OscConfig) for HAL_RCC_OscConfig
    tap wars.o(i.SystemClock_Config) refers to stm32f7xx_hal_rcc.o(i.HAL_RCC_ClockConfig) for HAL_RCC_ClockConfig
    tap wars.o(i.Winner) refers to _printf_percent.o(.ARM.Collect$$_printf_percent$$00000000) for _printf_percent
    tap wars.o(i.Winner) refers to _printf_i.o(.ARM.Collect$$_printf_percent$$00000008) for _printf_i
    tap wars.o(i.Winner) refers to _printf_dec.o(.text) for _printf_int_dec
    tap wars.o(i.Winner) refers to glcd_746g_discovery.o(i.GLCD_ClearScreen) for GLCD_ClearScreen
    tap wars.o(i.Winner) refers to glcd_746g_discovery.o(i.GLCD_SetFont) for GLCD_SetFont
    tap wars.o(i.Winner) refers to glcd_746g_discovery.o(i.GLCD_SetForegroundColor) for GLCD_SetForegroundColor
    tap wars.o(i.Winner) refers to noretval__2sprintf.o(.text) for __2sprintf
    tap wars.o(i.Winner) refers to glcd_746g_discovery.o(i.GLCD_DrawString) for GLCD_DrawString
    tap wars.o(i.Winner) refers to glcd_746g_discovery.o(i.GLCD_DrawRectangle) for GLCD_DrawRectangle
    tap wars.o(i.Winner) refers to touch_746g_discovery.o(i.Touch_GetState) for Touch_GetState
    tap wars.o(i.Winner) refers to tap wars.o(i.Periphral) for Periphral
    tap wars.o(i.Winner) refers to glcd_fonts.o(.constdata) for GLCD_Font_16x24
    tap wars.o(i.main) refers to stm32f7xx_hal_gpio.o(i.HAL_GPIO_Init) for HAL_GPIO_Init
    tap wars.o(i.main) refers to stm32f7xx_hal_gpio.o(i.HAL_GPIO_WritePin) for HAL_GPIO_WritePin
    tap wars.o(i.main) refers to tap wars.o(i.MainMenu) for MainMenu
    ft5336.o(i.ft5336_Get_I2C_InitializedStatus) refers to ft5336.o(.data) for ft5336_handle
    ft5336.o(i.ft5336_I2C_InitializeIfRequired) refers to ft5336.o(i.ft5336_Get_I2C_InitializedStatus) for ft5336_Get_I2C_InitializedStatus
[...]
    i.osTimerCall                            0x080051fc   Section        0  rt_cmsis.o(i.osTimerCall)
    i.osTimerThread                          0x08005208   Section        0  rt_cmsis.o(i.osTimerThread)
    i.os_error                               0x08005234   Section        0  rtx_conf_cm.o(i.os_error)
    i.os_idle_demon                          0x08005256   Section        0  rtx_conf_cm.o(i.os_idle_demon)
    i.os_tick_init                           0x0800525c   Section        0  rt_system.o(i.os_tick_init)
    i.os_tick_irqack                         0x08005284   Section        0  rt_system.o(i.os_tick_irqack)
    i.rt_alloc_box                           0x08005286   Section        0  rt_membox.o(i.rt_alloc_box)
    i.rt_alloc_mem                           0x080052a0   Section        0  rt_memory.o(i.rt_alloc_mem)
    i.rt_block                               0x080052e0   Section        0  rt_task.o(i.rt_block)
    i.rt_chk_robin                           0x08005318   Section        0  rt_robin.o(i.rt_chk_robin)
    i.rt_dec_dly                             0x08005360   Section        0  rt_list.o(i.rt_dec_dly)
    i.rt_dispatch                            0x080053d0   Section        0  rt_task.o(i.rt_dispatch)
    i.rt_evt_psh                             0x08005414   Section        0  rt_event.o(i.rt_evt_psh)
    i.rt_free_box                            0x08005464   Section        0  rt_membox.o(i.rt_free_box)
    i.rt_free_mem                            0x08005490   Section        0  rt_memory.o(i.rt_free_mem)
    i.rt_get_first                           0x080054b8   Section        0  rt_list.o(i.rt_get_first)
    i.rt_id2obj                              0x080054e0   Section        0  rt_cmsis.o(i.rt_id2obj)
    rt_id2obj                                0x080054e1   Thumb Code     8  rt_cmsis.o(i.rt_id2obj)
    i.rt_init_context                        0x080054e8   Section        0  rt_task.o(i.rt_init_context)
    rt_init_context                          0x080054e9   Thumb Code    66  rt_task.o(i.rt_init_context)
    i.rt_init_mem                            0x08005530   Section        0  rt_memory.o(i.rt_init_mem)
    i.rt_init_robin                          0x0800554c   Section        0  rt_robin.o(i.rt_init_robin)
    i.rt_init_stack                          0x08005564   Section        0  hal_cm.o(i.rt_init_stack)
    i.rt_mbx_check                           0x080055e4   Section        0  rt_mailbox.o(i.rt_mbx_check)
    i.rt_mbx_init                            0x080055ec   Section        0  rt_mailbox.o(i.rt_mbx_init)
    i.rt_mbx_psh                             0x08005608   Section        0  rt_mailbox.o(i.rt_mbx_psh)
    i.rt_mbx_wait                            0x080056f8   Section        0  rt_mailbox.o(i.rt_mbx_wait)
    i.rt_ms2tick                             0x080057ac   Section        0  rt_cmsis.o(i.rt_ms2tick)
    rt_ms2tick                               0x080057ad   Thumb Code    58  rt_cmsis.o(i.rt_ms2tick)
    i.rt_mut_release                         0x080057f0   Section        0  rt_mutex.o(i.rt_mut_release)
    i.rt_mut_wait                            0x080058c8   Section        0  rt_mutex.o(i.rt_mut_wait)
    i.rt_pop_req                             0x08005930   Section        0  rt_system.o(i.rt_pop_req)
    i.rt_psh_req                             0x080059ac   Section        0  rt_system.o(i.rt_psh_req)
    i.rt_psq_enq                             0x080059cc   Section        0  rt_list.o(i.rt_psq_enq)
    i.rt_put_dly                             0x08005a28   Section        0  rt_list.o(i.rt_put_dly)
    i.rt_put_prio                            0x08005a70   Section        0  rt_list.o(i.rt_put_prio)
    i.rt_put_rdy_first                       0x08005aa8   Section        0  rt_list.o(i.rt_put_rdy_first)
    i.rt_resort_prio                         0x08005abc   Section        0  rt_list.o(i.rt_resort_prio)
    i.rt_ret_regs                            0x08005af0   Section        0  hal_cm.o(i.rt_ret_regs)
    rt_ret_regs                              0x08005af1   Thumb Code    16  hal_cm.o(i.rt_ret_regs)
    i.rt_ret_val                             0x08005b00   Section        0  hal_cm.o(i.rt_ret_val)
    i.rt_ret_val2                            0x08005b0c   Section        0  hal_cm.o(i.rt_ret_val2)
    i.rt_rmv_dly                             0x08005b1c   Section        0  rt_list.o(i.rt_rmv_dly)
    i.rt_rmv_list                            0x08005b44   Section        0  rt_list.o(i.rt_rmv_list)
    i.rt_sem_psh                             0x08005b74   Section        0  rt_semaphore.o(i.rt_sem_psh)
    i.rt_stk_check                           0x08005ba8   Section        0  rt_system.o(i.rt_stk_check)
    i.rt_switch_req                          0x08005bcc   Section        0  rt_task.o(i.rt_switch_req)
    i.rt_sys_init                            0x08005bf4   Section        0  rt_task.o(i.rt_sys_init)
    i.rt_sys_start                           0x08005cc0   Section        0  rt_task.o(i.rt_sys_start)
    i.rt_systick                             0x08005d38   Section        0  rt_system.o(i.rt_systick)
    i.rt_tid2ptcb                            0x08005d78   Section        0  rt_cmsis.o(i.rt_tid2ptcb)
    rt_tid2ptcb                              0x08005d79   Thumb Code    18  rt_cmsis.o(i.rt_tid2ptcb)
    i.rt_timer_insert                        0x08005d8c   Section        0  rt_cmsis.o(i.rt_timer_insert)
    rt_timer_insert                          0x08005d8d   Thumb Code    48  rt_cmsis.o(i.rt_timer_insert)
    i.rt_tsk_create                          0x08005dc0   Section        0  rt_task.o(i.rt_tsk_create)
    i.rt_tsk_delete                          0x08005e48   Section        0  rt_task.o(i.rt_tsk_delete)
    i.rt_tsk_prio                            0x08005fc4   Section        0  rt_task.o(i.rt_tsk_prio)
    i.rt_tsk_self                            0x08006040   Section        0  rt_task.o(i.rt_tsk_self)
    i.svcKernelInitialize                    0x08006050   Section        0  rt_cmsis.o(i.svcKernelInitialize)
    i.svcKernelStart                         0x080060c0   Section        0  rt_cmsis.o(i.svcKernelStart)
    i.svcMessageCreate                       0x08006108   Section        0  rt_cmsis.o(i.svcMessageCreate)
    i.svcMessageGet                          0x0800612c   Section        0  rt_cmsis.o(i.svcMessageGet)
    i.svcThreadCreate                        0x08006168   Section        0  rt_cmsis.o(i.svcThreadCreate)
    i.svcThreadGetId                         0x080061d8   Section        0  rt_cmsis.o(i.svcThreadGetId)
    i.svcThreadTerminate                     0x080061f4   Section        0  rt_cmsis.o(i.svcThreadTerminate)
    i.svcTimerCall                           0x0800622c   Section        0  rt_cmsis.o(i.svcTimerCall)
    i.sysTimerTick                           0x08006244   Section        0  rt_cmsis.o(i.sysTimerTick)
    x$fpl$fpinit                             0x080062a0   Section       10  fpinit.o(x$fpl$fpinit)
    $v0                                      0x080062a0   Number         0  fpinit.o(x$fpl$fpinit)
    .constdata                               0x080062ac   Section     6304  glcd_fonts.o(.constdata)
    Font_6x8_h                               0x080062ac   Data         896  glcd_fonts.o(.constdata)
    Font_16x24_h                             0x0800662c   Data        5376  glcd_fonts.o(.constdata)
    .constdata                               0x08007b4c   Section       86  rtx_conf_cm.o(.constdata)
    __tagsym$$used                           0x08007b68   Number         0  rtx_conf_cm.o(.constdata)
    __tagsym$$used                           0x08007b6c   Number         0  rtx_conf_cm.o(.constdata)
    __tagsym$$used                           0x08007b70   Number         0  rtx_conf_cm.o(.constdata)
    __tagsym$$used                           0x08007b74   Number         0  rtx_conf_cm.o(.constdata)
    .constdata                               0x08007ba2   Section       16  stm32f7xx_hal_rcc.o(.constdata)
    .conststring                             0x08007bb4   Section       72  tap wars.o(.conststring)
    .data                                    0x20010000   Section       46  ft5336.o(.data)
    ft5336_handle                            0x20010028   Data           3  ft5336.o(.data)
    coord                                    0x2001002c   Data           2  ft5336.o(.data)
    .data                                    0x2001002e   Section        2  stm32746g_discovery_sdram.o(.data)
    sdramstatus                              0x2001002e   Data           1  stm32746g_discovery_sdram.o(.data)
    sdramstatus                              0x2001002f   Data           1  stm32746g_discovery_sdram.o(.data)
    .data                                    0x20010030   Section       10  stm32746g_discovery_ts.o(.data)
    tsDriver                                 0x20010030   Data           4  stm32746g_discovery_ts.o(.data)
    tsXBoundary                              0x20010034   Data           2  stm32746g_discovery_ts.o(.data)
    tsYBoundary                              0x20010036   Data           2  stm32746g_discovery_ts.o(.data)
    tsOrientation                            0x20010038   Data           1  stm32746g_discovery_ts.o(.data)
    I2cAddress                               0x20010039   Data           1  stm32746g_discovery_ts.o(.data)
    .data                                    0x2001003c   Section        8  glcd_746g_discovery.o(.data)
    foreground_color                         0x2001003c   Data           2  glcd_746g_discovery.o(.data)
    background_color                         0x2001003e   Data           2  glcd_746g_discovery.o(.data)
    active_font                              0x20010040   Data           4  glcd_746g_discovery.o(.data)
    .data                                    0x20010044   Section       36  rtx_conf_cm.o(.data)
    nr_mutex                                 0x20010054   Data           4  rtx_conf_cm.o(.data)
    .data                                    0x20010068   Section        4  system_stm32f7xx.o(.data)
    .data                                    0x2001006c   Section        8  rt_cmsis.o(.data)
    .data                                    0x20010074   Section        8  rt_task.o(.data)
    .data                                    0x2001007c   Section        4  rt_time.o(.data)
    .data                                    0x20010080   Section        8  rt_system.o(.data)
    os_lock                                  0x20010080   Data           1  rt_system.o(.data)
    os_psh_flag                              0x20010081   Data           1  rt_system.o(.data)
    pend_flags                               0x20010082   Data           1  rt_system.o(.data)
    .data                                    0x20010088   Section        8  rt_robin.o(.data)
    .data                                    0x20010090   Section        1  hal_cm.o(.data)
    .bss                                     0x20010094   Section      120  stm32746g_discovery.o(.bss)
    hI2cAudioHandler                         0x20010094   Data          60  stm32746g_discovery.o(.bss)
    hI2cExtHandler                           0x200100d0   Data          60  stm32746g_discovery.o(.bss)
    .bss                                     0x2001010c   Section      256  stm32746g_discovery_sdram.o(.bss)
    sdramHandle                              0x2001010c   Data          52  stm32746g_discovery_sdram.o(.bss)
    Timing                                   0x20010140   Data          28  stm32746g_discovery_sdram.o(.bss)
    Command                                  0x2001015c   Data          16  stm32746g_discovery_sdram.o(.bss)
    dma_handle                               0x2001016c   Data          80  stm32746g_discovery_sdram.o(.bss)
    dma_handle                               0x200101bc   Data          80  stm32746g_discovery_sdram.o(.bss)
    .bss                                     0x2001020c   Section       40  stm32746g_discovery_ts.o(.bss)
    _x                                       0x2001020c   Data          20  stm32746g_discovery_ts.o(.bss)
    _y                                       0x20010220   Data          20  stm32746g_discovery_ts.o(.bss)
    .bss                                     0x20010234   Section      168  glcd_746g_discovery.o(.bss)
    LTDC_Handle                              0x20010234   Data         168  glcd_746g_discovery.o(.bss)
    .bss                                     0x200102e0   Section     3016  rtx_conf_cm.o(.bss)
    std_libspace                             0x20010b88   Data         672  rtx_conf_cm.o(.bss)
    std_libmutex                             0x20010e28   Data         128  rtx_conf_cm.o(.bss)
    .bss                                     0x20010ea8   Section       52  rt_task.o(.bss)
    .bss                                     0x20010edc   Section       48  rt_list.o(.bss)
    .bss                                     0x20010f0c   Section       96  libspace.o(.bss)
    HEAP                                     0x20010f70   Section      512  startup_stm32f746xx.o(HEAP)
    Heap_Mem                                 0x20010f70   Data         512  startup_stm32f746xx.o(HEAP)
    STACK                                    0x20011170   Section     1024  startup_stm32f746xx.o(STACK)
    Stack_Mem                                0x20011170   Data        1024  startup_stm32f746xx.o(STACK)
    __initial_sp                             0x20011570   Data           0  startup_stm32f746xx.o(STACK)
    .ARM.__AT_0xC0000000                     0xc0000000   Section    261120  glcd_746g_discovery.o(.ARM.__AT_0xC0000000)
    frame_buf                                0xc0000000   Data       261120  glcd_746g_discovery.o(.ARM.__AT_0xC0000000)

    Global Symbols

    Symbol Name                              Value     Ov Type        Size  Object(Section)

    BuildAttributes$$THM_ISAv4$E$P$D$K$B$S$7EM$VFPi5$EXTD16$VFPS$VFMA$PE$PLD8$A:L22UL41UL21$X:L11$S22US41US21$IEEE1$IW$USESV6$~STKCKD$USESV7$~SHL$OSPACE$ROPI$EBA8$UX$STANDARDLIB$REQ8$PRES8$EABIv2 0x00000000   Number         0  anon$$obj.o ABSOLUTE
    __ARM_use_no_argv                        0x00000000   Number         0  tap wars.o ABSOLUTE
    __ARM_exceptions_init                     - Undefined Weak Reference
    __alloca_initialize                       - Undefined Weak Reference
    __arm_preinit_                            - Undefined Weak Reference
    __cpp_initialize__aeabi_                  - Undefined Weak Reference
    __cxa_finalize                            - Undefined Weak Reference
    __rt_locale                               - Undefined Weak Reference
    __sigvec_lookup                           - Undefined Weak Reference
    _atexit_init                              - Undefined Weak Reference
    _call_atexit_fns                          - Undefined Weak Reference
    _clock_init                               - Undefined Weak Reference
    _fp_trap_init                             - Undefined Weak Reference
    _fp_trap_shutdown                         - Undefined Weak Reference
    _get_lc_collate                           - Undefined Weak Reference
    _get_lc_ctype                             - Undefined Weak Reference
    _get_lc_monetary                          - Undefined Weak Reference
    _get_lc_numeric                           - Undefined Weak Reference
    _get_lc_time                              - Undefined Weak Reference
    _getenv_init                              - Undefined Weak Reference
    _handle_redirection                       - Undefined Weak Reference
    _init_alloc                               - Undefined Weak Reference
    _init_user_alloc                          - Undefined Weak Reference
    _initio                                   - Undefined Weak Reference
    _printf_post_padding                      - Undefined Weak Reference
    _printf_pre_padding                       - Undefined Weak Reference
    _printf_truncate_signed                   - Undefined Weak Reference
    _printf_truncate_unsigned                 - Undefined Weak Reference
    _rand_init                                - Undefined Weak Reference
    _signal_finish                            - Undefined Weak Reference
    _signal_init                              - Undefined Weak Reference
    _terminate_alloc                          - Undefined Weak Reference
    _terminate_user_alloc                     - Undefined Weak Reference
    _terminateio                              - Undefined Weak Reference
    __Vectors_Size                           0x000001c8   Number         0  startup_stm32f746xx.o ABSOLUTE
    __RL_RTX_VER                             0x00000480   Number         0  rt_system.o ABSOLUTE
    __Vectors                                0x08000000   Data           4  startup_stm32f746xx.o(RESET)
    __Vectors_End                            0x080001c8   Data           0  startup_stm32f746xx.o(RESET)
    __main                                   0x080001c9   Thumb Code     8  __main.o(!!!main)
    __scatterload                            0x080001d1   Thumb Code     0  __scatter.o(!!!scatter)
    __scatterload_rt2                        0x080001d1   Thumb Code    44  __scatter.o(!!!scatter)
    __scatterload_rt2_thumb_only             0x080001d1   Thumb Code     0  __scatter.o(!!!scatter)
    __scatterload_null                       0x080001df   Thumb Code     0  __scatter.o(!!!scatter)
    __scatterload_copy                       0x08000205   Thumb Code    26  __scatter_copy.o(!!handler_copy)
    __scatterload_zeroinit                   0x08000221   Thumb Code    28  __scatter_zi.o(!!handler_zi)
    _printf_i                                0x0800023d   Thumb Code     0  _printf_i.o(.ARM.Collect$$_printf_percent$$00000008)
    _printf_percent                          0x0800023d   Thumb Code     0  _printf_percent.o(.ARM.Collect$$_printf_percent$$00000000)
    _printf_percent_end                      0x08000243   Thumb Code     0  _printf_percent_end.o(.ARM.Collect$$_printf_percent$$00000017)
    __rt_lib_init                            0x08000247   Thumb Code     0  libinit.o(.ARM.Collect$$libinit$$00000000)
    __rt_lib_init_fp_1                       0x08000249   Thumb Code     0  libinit2.o(.ARM.Collect$$libinit$$00000001)
    __rt_lib_init_alloca_1                   0x0800024d   Thumb Code     0  libinit2.o(.ARM.Collect$$libinit$$0000002E)
    __rt_lib_init_argv_1                     0x0800024d   Thumb Code     0  libinit2.o(.ARM.Collect$$libinit$$0000002C)
    __rt_lib_init_atexit_1                   0x0800024d   Thumb Code     0  libinit2.o(.ARM.Collect$$libinit$$0000001B)
    __rt_lib_init_clock_1                    0x0800024d   Thumb Code     0  libinit2.o(.ARM.Collect$$libinit$$00000021)
    __rt_lib_init_cpp_1                      0x0800024d   Thumb Code     0  libinit2.o(.ARM.Collect$$libinit$$00000032)
    __rt_lib_init_exceptions_1               0x0800024d   Thumb Code     0  libinit2.o(.ARM.Collect$$libinit$$00000030)
    __rt_lib_init_fp_trap_1                  0x0800024d   Thumb Code     0  libinit2.o(.ARM.Collect$$libinit$$0000001F)
    __rt_lib_init_getenv_1                   0x0800024d   Thumb Code     0  libinit2.o(.ARM.Collect$$libinit$$00000023)
    __rt_lib_init_heap_1                     0x0800024d   Thumb Code     0  libinit2.o(.ARM.Collect$$libinit$$0000000A)
    __rt_lib_init_lc_collate_1               0x0800024d   Thumb Code     0  libinit2.o(.ARM.Collect$$libinit$$00000011)
    __rt_lib_init_lc_ctype_1                 0x0800024d   Thumb Code     0  libinit2.o(.ARM.Collect$$libinit$$00000013)
    __rt_lib_init_lc_monetary_1              0x0800024d   Thumb Code     0  libinit2.o(.ARM.Collect$$libinit$$00000015)
    __rt_lib_init_lc_numeric_1               0x0800024d   Thumb Code     0  libinit2.o(.ARM.Collect$$libinit$$00000017)
    __rt_lib_init_lc_time_1                  0x0800024d   Thumb Code     0  libinit2.o(.ARM.Collect$$libinit$$00000019)
    __rt_lib_init_preinit_1                  0x0800024d   Thumb Code     0  libinit2.o(.ARM.Collect$$libinit$$00000004)
    __rt_lib_init_rand_1                     0x0800024d   Thumb Code     0  libinit2.o(.ARM.Collect$$libinit$$0000000E)
    __rt_lib_init_return                     0x0800024d   Thumb Code     0  libinit2.o(.ARM.Collect$$libinit$$00000033)
    __rt_lib_init_signal_1                   0x0800024d   Thumb Code     0  libinit2.o(.ARM.Collect$$libinit$$0000001D)
    __rt_lib_init_stdio_1                    0x0800024d   Thumb Code     0  libinit2.o(.ARM.Collect$$libinit$$00000025)
    __rt_lib_init_user_alloc_1               0x0800024d   Thumb Code     0  libinit2.o(.ARM.Collect$$libinit$$0000000C)
    __rt_lib_shutdown                        0x0800024f   Thumb Code     0  libshutdown.o(.ARM.Collect$$libshutdown$$00000000)
    __rt_lib_shutdown_cpp_1                  0x08000251   Thumb Code     0  libshutdown2.o(.ARM.Collect$$libshutdown$$00000002)
    __rt_lib_shutdown_fp_trap_1              0x08000251   Thumb Code     0  libshutdown2.o(.ARM.Collect$$libshutdown$$00000007)
    __rt_lib_shutdown_heap_1                 0x08000251   Thumb Code     0  libshutdown2.o(.ARM.Collect$$libshutdown$$0000000F)
    __rt_lib_shutdown_return                 0x08000251   Thumb Code     0  libshutdown2.o(.ARM.Collect$$libshutdown$$00000010)
    __rt_lib_shutdown_signal_1               0x08000251   Thumb Code     0  libshutdown2.o(.ARM.Collect$$libshutdown$$0000000A)
    __rt_lib_shutdown_stdio_1                0x08000251   Thumb Code     0  libshutdown2.o(.ARM.Collect$$libshutdown$$00000004)
    __rt_lib_shutdown_user_alloc_1           0x08000251   Thumb Code     0  libshutdown2.o(.ARM.Collect$$libshutdown$$0000000C)
    __rt_entry                               0x08000253   Thumb Code     0  __rtentry.o(.ARM.Collect$$rtentry$$00000000)
    __rt_entry_presh_1                       0x08000253   Thumb Code     0  __rtentry2.o(.ARM.Collect$$rtentry$$00000002)
    __rt_entry_sh                            0x08000253   Thumb Code     0  __rtentry4.o(.ARM.Collect$$rtentry$$00000004)
    __rt_entry_li                            0x08000259   Thumb Code     0  __rtentry2.o(.ARM.Collect$$rtentry$$0000000A)
    __rt_entry_postsh_1                      0x08000259   Thumb Code     0  __rtentry2.o(.ARM.Collect$$rtentry$$00000009)
    __rt_entry_postli_1                      0x0800025d   Thumb Code     0  __rtentry2.o(.ARM.Collect$$rtentry$$0000000B)
    __rt_entry_main                          0x08000265   Thumb Code     0  __rtentry2.o(.ARM.Collect$$rtentry$$0000000D)
    __rt_exit                                0x0800026d   Thumb Code     0  rtexit.o(.ARM.Collect$$rtexit$$00000000)
    __rt_exit_ls                             0x0800026f   Thumb Code     0  rtexit2.o(.ARM.Collect$$rtexit$$00000003)
    __rt_exit_prels_1                        0x0800026f   Thumb Code     0  rtexit2.o(.ARM.Collect$$rtexit$$00000002)
    __rt_exit_exit                           0x08000273   Thumb Code     0  rtexit2.o(.ARM.Collect$$rtexit$$00000004)
    _platform_post_lib_init                  0x08000279   Thumb Code    24  rtx_conf_cm.o(.emb_text)
    rt_set_PSP                               0x08000295   Thumb Code     6  hal_cm4.o(.emb_text)
    rt_get_PSP                               0x0800029b   Thumb Code     6  hal_cm4.o(.emb_text)
    os_set_env                               0x080002a1   Thumb Code    24  hal_cm4.o(.emb_text)
    _alloc_box                               0x080002bd   Thumb Code    28  hal_cm4.o(.emb_text)
    _free_box                                0x080002dd   Thumb Code    28  hal_cm4.o(.emb_text)
    SVC_Handler                              0x080002fd   Thumb Code   168  hal_cm4.o(.emb_text)
    PendSV_Handler                           0x080003b5   Thumb Code    96  hal_cm4.o(.emb_text)
    SysTick_Handler                          0x08000419   Thumb Code     8  hal_cm4.o(.emb_text)
    OS_Tick_Handler                          0x08000421   Thumb Code    12  hal_cm4.o(.emb_text)
    Reset_Handler                            0x0800042d   Thumb Code     8  startup_stm32f746xx.o(.text)
    NMI_Handler                              0x08000435   Thumb Code     2  startup_stm32f746xx.o(.text)
    HardFault_Handler                        0x08000437   Thumb Code     2  startup_stm32f746xx.o(.text)
    MemManage_Handler                        0x08000439   Thumb Code     2  startup_stm32f746xx.o(.text)
    BusFault_Handler                         0x0800043b   Thumb Code     2  startup_stm32f746xx.o(.text)
    UsageFault_Handler                       0x0800043d   Thumb Code     2  startup_stm32f746xx.o(.text)
    DebugMon_Handler                         0x08000441   Thumb Code     2  startup_stm32f746xx.o(.text)
    ADC_IRQHandler                           0x08000447   Thumb Code     0  startup_stm32f746xx.o(.text)
    CAN1_RX0_IRQHandler                      0x08000447   Thumb Code     0  startup_stm32f746xx.o(.text)
    CAN1_RX1_IRQHandler                      0x08000447   Thumb Code     0  startup_stm32f746xx.o(.text)
    CAN1_SCE_IRQHandler                      0x08000447   Thumb Code     0  startup_stm32f746xx.o(.text)
    CAN1_TX_IRQHandler                       0x08000447   Thumb Code     0  startup_stm32f746xx.o(.text)
    CAN2_RX0_IRQHandler                      0x08000447   Thumb Code     0  startup_stm32f746xx.o(.text)
    CAN2_RX1_IRQHandler                      0x08000447   Thumb Code     0  startup_stm32f746xx.o(.text)
    CAN2_SCE_IRQHandler                      0x08000447   Thumb Code     0  startup_stm32f746xx.o(.text)
    CAN2_TX_IRQHandler                       0x08000447   Thumb Code     0  startup_stm32f746xx.o(.text)
    CEC_IRQHandler                           0x08000447   Thumb Code     0  startup_stm32f746xx.o(.text)
    DCMI_IRQHandler                          0x08000447   Thumb Code     0  startup_stm32f746xx.o(.text)
    DMA1_Stream0_IRQHandler                  0x08000447   Thumb Code     0  startup_stm32f746xx.o(.text)
    DMA1_Stream1_IRQHandler                  0x08000447   Thumb Code     0  startup_stm32f746xx.o(.text)
    DMA1_Stream2_IRQHandler                  0x08000447   Thumb Code     0  startup_stm32f746xx.o(.text)
    DMA1_Stream3_IRQHandler                  0x08000447   Thumb Code     0  startup_stm32f746xx.o(.text)
    DMA1_Stream4_IRQHandler                  0x08000447   Thumb Code     0  startup_stm32f746xx.o(.text)
    DMA1_Stream5_IRQHandler                  0x08000447   Thumb Code     0  startup_stm32f746xx.o(.text)
    DMA1_Stream6_IRQHandler                  0x08000447   Thumb Code     0  startup_stm32f746xx.o(.text)
    DMA1_Stream7_IRQHandler                  0x08000447   Thumb Code     0  startup_stm32f746xx.o(.text)
    DMA2D_IRQHandler                         0x08000447   Thumb Code     0  startup_stm32f746xx.o(.text)
    DMA2_Stream0_IRQHandler                  0x08000447   Thumb Code     0  startup_stm32f746xx.o(.text)
    DMA2_Stream1_IRQHandler                  0x08000447   Thumb Code     0  startup_stm32f746xx.o(.text)
    DMA2_Stream2_IRQHandler                  0x08000447   Thumb Code     0  startup_stm32f746xx.o(.text)
    DMA2_Stream3_IRQHandler                  0x08000447   Thumb Code     0  startup_stm32f746xx.o(.text)
    DMA2_Stream4_IRQHandler                  0x08000447   Thumb Code     0  startup_stm32f746xx.o(.text)
    DMA2_Stream5_IRQHandler                  0x08000447   Thumb Code     0  startup_stm32f746xx.o(.text)
    DMA2_Stream6_IRQHandler                  0x08000447   Thumb Code     0  startup_stm32f746xx.o(.text)
    DMA2_Stream7_IRQHandler                  0x08000447   Thumb Code     0  startup_stm32f746xx.o(.text)
    ETH_IRQHandler                           0x08000447   Thumb Code     0  startup_stm32f746xx.o(.text)
    ETH_WKUP_IRQHandler                      0x08000447   Thumb Code     0  startup_stm32f746xx.o(.text)
    EXTI0_IRQHandler                         0x08000447   Thumb Code     0  startup_stm32f746xx.o(.text)
    EXTI15_10_IRQHandler                     0x08000447   Thumb Code     0  startup_stm32f746xx.o(.text)
    EXTI1_IRQHandler                         0x08000447   Thumb Code     0  startup_stm32f746xx.o(.text)
    EXTI2_IRQHandler                         0x08000447   Thumb Code     0  startup_stm32f746xx.o(.text)
    EXTI3_IRQHandler                         0x08000447   Thumb Code     0  startup_stm32f746xx.o(.text)
    EXTI4_IRQHandler                         0x08000447   Thumb Code     0  startup_stm32f746xx.o(.text)
    EXTI9_5_IRQHandler                       0x08000447   Thumb Code     0  startup_stm32f746xx.o(.text)
    FLASH_IRQHandler                         0x08000447   Thumb Code     0  startup_stm32f746xx.o(.text)
    FMC_IRQHandler                           0x08000447   Thumb Code     0  startup_stm32f746xx.o(.text)
    FPU_IRQHandler                           0x08000447   Thumb Code     0  startup_stm32f746xx.o(.text)
    I2C1_ER_IRQHandler                       0x08000447   Thumb Code     0  startup_stm32f746xx.o(.text)
    I2C1_EV_IRQHandler                       0x08000447   Thumb Code     0  startup_stm32f746xx.o(.text)
    I2C2_ER_IRQHandler                       0x08000447   Thumb Code     0  startup_stm32f746xx.o(.text)
    I2C2_EV_IRQHandler                       0x08000447   Thumb Code     0  startup_stm32f746xx.o(.text)
    I2C3_ER_IRQHandler                       0x08000447   Thumb Code     0  startup_stm32f746xx.o(.text)
    I2C3_EV_IRQHandler                       0x08000447   Thumb Code     0  startup_stm32f746xx.o(.text)
    I2C4_ER_IRQHandler                       0x08000447   Thumb Code     0  startup_stm32f746xx.o(.text)
    I2C4_EV_IRQHandler                       0x08000447   Thumb Code     0  startup_stm32f746xx.o(.text)
    LPTIM1_IRQHandler                        0x08000447   Thumb Code     0  startup_stm32f746xx.o(.text)
    LTDC_ER_IRQHandler                       0x08000447   Thumb Code     0  startup_stm32f746xx.o(.text)
    LTDC_IRQHandler                          0x08000447   Thumb Code     0  startup_stm32f746xx.o(.text)
    OTG_FS_IRQHandler                        0x08000447   Thumb Code     0  startup_stm32f746xx.o(.text)
    OTG_FS_WKUP_IRQHandler                   0x08000447   Thumb Code     0  startup_stm32f746xx.o(.text)
    OTG_HS_EP1_IN_IRQHandler                 0x08000447   Thumb Code     0  startup_stm32f746xx.o(.text)
    OTG_HS_EP1_OUT_IRQHandler                0x08000447   Thumb Code     0  startup_stm32f746xx.o(.text)
    OTG_HS_IRQHandler                        0x08000447   Thumb Code     0  startup_stm32f746xx.o(.text)
    OTG_HS_WKUP_IRQHandler                   0x08000447   Thumb Code     0  startup_stm32f746xx.o(.text)
    PVD_IRQHandler                           0x08000447   Thumb Code     0  startup_stm32f746xx.o(.text)
    QUADSPI_IRQHandler                       0x08000447   Thumb Code     0  startup_stm32f746xx.o(.text)
    RCC_IRQHandler                           0x08000447   Thumb Code     0  startup_stm32f746xx.o(.text)
    RNG_IRQHandler                           0x08000447   Thumb Code     0  startup_stm32f746xx.o(.text)
    RTC_Alarm_IRQHandler                     0x08000447   Thumb Code     0  startup_stm32f746xx.o(.text)
    RTC_WKUP_IRQHandler                      0x08000447   Thumb Code     0  startup_stm32f746xx.o(.text)
    SAI1_IRQHandler                          0x08000447   Thumb Code     0  startup_stm32f746xx.o(.text)
    SAI2_IRQHandler                          0x08000447   Thumb Code     0  startup_stm32f746xx.o(.text)
    SDMMC1_IRQHandler                        0x08000447   Thumb Code     0  startup_stm32f746xx.o(.text)
    SPDIF_RX_IRQHandler                      0x08000447   Thumb Code     0  startup_stm32f746xx.o(.text)
    SPI1_IRQHandler                          0x08000447   Thumb Code     0  startup_stm32f746xx.o(.text)
    SPI2_IRQHandler                          0x08000447   Thumb Code     0  startup_stm32f746xx.o(.text)
    SPI3_IRQHandler                          0x08000447   Thumb Code     0  startup_stm32f746xx.o(.text)
    SPI4_IRQHandler                          0x08000447   Thumb Code     0  startup_stm32f746xx.o(.text)
    SPI5_IRQHandler                          0x08000447   Thumb Code     0  startup_stm32f746xx.o(.text)
    SPI6_IRQHandler                          0x08000447   Thumb Code     0  startup_stm32f746xx.o(.text)
    TAMP_STAMP_IRQHandler                    0x08000447   Thumb Code     0  startup_stm32f746xx.o(.text)
    TIM1_BRK_TIM9_IRQHandler                 0x08000447   Thumb Code     0  startup_stm32f746xx.o(.text)
    TIM1_CC_IRQHandler                       0x08000447   Thumb Code     0  startup_stm32f746xx.o(.text)
    TIM1_TRG_COM_TIM11_IRQHandler            0x08000447   Thumb Code     0  startup_stm32f746xx.o(.text)
    TIM1_UP_TIM10_IRQHandler                 0x08000447   Thumb Code     0  startup_stm32f746xx.o(.text)
    TIM2_IRQHandler                          0x08000447   Thumb Code     0  startup_stm32f746xx.o(.text)
    TIM3_IRQHandler                          0x08000447   Thumb Code     0  startup_stm32f746xx.o(.text)
    TIM4_IRQHandler                          0x08000447   Thumb Code     0  startup_stm32f746xx.o(.text)
    TIM5_IRQHandler                          0x08000447   Thumb Code     0  startup_stm32f746xx.o(.text)
    TIM6_DAC_IRQHandler                      0x08000447   Thumb Code     0  startup_stm32f746xx.o(.text)
    TIM7_IRQHandler                          0x08000447   Thumb Code     0  startup_stm32f746xx.o(.text)
    TIM8_BRK_TIM12_IRQHandler                0x08000447   Thumb Code     0  startup_stm32f746xx.o(.text)
    TIM8_CC_IRQHandler                       0x08000447   Thumb Code     0  startup_stm32f746xx.o(.text)
    TIM8_TRG_COM_TIM14_IRQHandler            0x08000447   Thumb Code     0  startup_stm32f746xx.o(.text)
    TIM8_UP_TIM13_IRQHandler                 0x08000447   Thumb Code     0  startup_stm32f746xx.o(.text)
    UART4_IRQHandler                         0x08000447   Thumb Code     0  startup_stm32f746xx.o(.text)
    UART5_IRQHandler                         0x08000447   Thumb Code     0  startup_stm32f746xx.o(.text)
    UART7_IRQHandler                         0x08000447   Thumb Code     0  startup_stm32f746xx.o(.text)
    UART8_IRQHandler                         0x08000447   Thumb Code     0  startup_stm32f746xx.o(.text)
    USART1_IRQHandler                        0x08000447   Thumb Code     0  startup_stm32f746xx.o(.text)
    USART2_IRQHandler                        0x08000447   Thumb Code     0  startup_stm32f746xx.o(.text)
    USART3_IRQHandler                        0x08000447   Thumb Code     0  startup_stm32f746xx.o(.text)
    USART6_IRQHandler                        0x08000447   Thumb Code     0  startup_stm32f746xx.o(.text)
    WWDG_IRQHandler                          0x08000447   Thumb Code     0  startup_stm32f746xx.o(.text)
    __user_initial_stackheap                 0x08000449   Thumb Code     0  startup_stm32f746xx.o(.text)
    __user_libspace                          0x0800046d   Thumb Code     8  libspace.o(.text)
    __user_perproc_libspace                  0x0800046d   Thumb Code     0  libspace.o(.text)
    __2sprintf                               0x08000475   Thumb Code    34  noretval__2sprintf.o(.text)
    __printf                                 0x0800049d   Thumb Code   104  __printf.o(.text)
    _printf_int_dec                          0x08000505   Thumb Code   104  _printf_dec.o(.text)
    exit                                     0x0800057d   Thumb Code    18  exit.o(.text)
    __aeabi_memcpy4                          0x0800058f   Thumb Code     0  rt_memcpy_w.o(.text)
    __aeabi_memcpy8                          0x0800058f   Thumb Code     0  rt_memcpy_w.o(.text)
    __rt_memcpy_w                            0x0800058f   Thumb Code   100  rt_memcpy_w.o(.text)
    _memcpy_lastbytes_aligned                0x080005d7   Thumb Code     0  rt_memcpy_w.o(.text)
    __use_two_region_memory                  0x080005f3   Thumb Code     2  heapauxi.o(.text)
    __rt_heap_escrow$2region                 0x080005f5   Thumb Code     2  heapauxi.o(.text)
    __rt_heap_expand$2region                 0x080005f7   Thumb Code     2  heapauxi.o(.text)
    _printf_int_common                       0x080005f9   Thumb Code   178  _printf_intcommon.o(.text)
    _printf_char_common                      0x080006b7   Thumb Code    32  _printf_char_common.o(.text)
    _sputc                                   0x080006dd   Thumb Code    10  _sputc.o(.text)
    _sys_exit                                0x080006e9   Thumb Code     8  sys_exit.o(.text)
    __user_setup_stackheap                   0x080006f5   Thumb Code    74  sys_stackheap_outer.o(.text)
    __I$use$semihosting                      0x0800073f   Thumb Code     0  use_no_semi.o(.text)
    __use_no_semihosting_swi                 0x0800073f   Thumb Code     2  use_no_semi.o(.text)
    SVC_Count                                0x08000740   Data           4  svc_table.o(SVC_TABLE)
    __semihosting_library_function           0x08000741   Thumb Code     0  indicate_semi.o(.text)
    BSP_SDRAM_Init                           0x08000745   Thumb Code   122  stm32746g_discovery_sdram.o(i.BSP_SDRAM_Init)
    SVC_Table                                0x08000744   Data           0  svc_table.o(SVC_TABLE)
    BSP_SDRAM_Initialization_sequence        0x080007d1   Thumb Code   142  stm32746g_discovery_sdram.o(i.BSP_SDRAM_Initialization_sequence)
    BSP_SDRAM_MspInit                        0x08000869   Thumb Code   418  stm32746g_discovery_sdram.o(i.BSP_SDRAM_MspInit)
    BSP_TS_GetState                          0x08000a31   Thumb Code   526  stm32746g_discovery_ts.o(i.BSP_TS_GetState)
    BSP_TS_Get_GestureId                     0x08000c5d   Thumb Code   106  stm32746g_discovery_ts.o(i.BSP_TS_Get_GestureId)
    BSP_TS_Init                              0x08000ccd   Thumb Code    74  stm32746g_discovery_ts.o(i.BSP_TS_Init)
    FMC_SDRAM_Init                           0x08000d31   Thumb Code   116  stm32f7xx_ll_fmc.o(i.FMC_SDRAM_Init)
    FMC_SDRAM_ProgramRefreshRate             0x08000da5   Thumb Code    14  stm32f7xx_ll_fmc.o(i.FMC_SDRAM_ProgramRefreshRate)
    FMC_SDRAM_SendCommand                    0x08000db3   Thumb Code    86  stm32f7xx_ll_fmc.o(i.FMC_SDRAM_SendCommand)
    FMC_SDRAM_Timing_Init                    0x08000e09   Thumb Code   152  stm32f7xx_ll_fmc.o(i.FMC_SDRAM_Timing_Init)
    GLCD_ClearScreen                         0x08000ea1   Thumb Code    26  glcd_746g_discovery.o(i.GLCD_ClearScreen)
    GLCD_DrawChar                            0x08000ec5   Thumb Code   198  glcd_746g_discovery.o(i.GLCD_DrawChar)
    GLCD_DrawHLine                           0x08000f9d   Thumb Code    36  glcd_746g_discovery.o(i.GLCD_DrawHLine)
    GLCD_DrawRectangle                       0x08000fc9   Thumb Code    54  glcd_746g_discovery.o(i.GLCD_DrawRectangle)
    GLCD_DrawString                          0x08001001   Thumb Code    38  glcd_746g_discovery.o(i.GLCD_DrawString)
    GLCD_DrawVLine                           0x0800102d   Thumb Code    38  glcd_746g_discovery.o(i.GLCD_DrawVLine)
    GLCD_Initialize                          0x0800105d   Thumb Code   502  glcd_746g_discovery.o(i.GLCD_Initialize)
    GLCD_SetFont                             0x08001275   Thumb Code    10  glcd_746g_discovery.o(i.GLCD_SetFont)
    GLCD_SetForegroundColor                  0x08001285   Thumb Code    10  glcd_746g_discovery.o(i.GLCD_SetForegroundColor)
    Game                                     0x08001295   Thumb Code   266  tap wars.o(i.Game)
    HAL_DMA_DeInit                           0x080013c5   Thumb Code  3932  stm32f7xx_hal_dma.o(i.HAL_DMA_DeInit)
    HAL_DMA_Init                             0x08002329   Thumb Code   120  stm32f7xx_hal_dma.o(i.HAL_DMA_Init)
    HAL_Delay                                0x080023a5   Thumb Code    26  stm32f7xx_hal.o(i.HAL_Delay)
    HAL_GPIO_Init                            0x080023c1   Thumb Code   484  stm32f7xx_hal_gpio.o(i.HAL_GPIO_Init)
    HAL_GPIO_ReadPin                         0x080025d9   Thumb Code    16  stm32f7xx_hal_gpio.o(i.HAL_GPIO_ReadPin)
    HAL_GPIO_WritePin                        0x080025e9   Thumb Code    12  stm32f7xx_hal_gpio.o(i.HAL_GPIO_WritePin)
    HAL_GetTick                              0x080025f5   Thumb Code     6  tap wars.o(i.HAL_GetTick)
    HAL_I2C_DeInit                           0x08002601   Thumb Code    54  stm32f7xx_hal_i2c.o(i.HAL_I2C_DeInit)
    HAL_I2C_GetState                         0x08002637   Thumb Code     8  stm32f7xx_hal_i2c.o(i.HAL_I2C_GetState)
    HAL_I2C_Init                             0x08002641   Thumb Code   176  stm32f7xx_hal_i2c.o(i.HAL_I2C_Init)
    HAL_I2C_Mem_Read                         0x080026f5   Thumb Code   368  stm32f7xx_hal_i2c.o(i.HAL_I2C_Mem_Read)
    HAL_I2C_Mem_Write                        0x08002869   Thumb Code   370  stm32f7xx_hal_i2c.o(i.HAL_I2C_Mem_Write)
    HAL_I2C_MspDeInit                        0x080029e1   Thumb Code     2  stm32f7xx_hal_i2c.o(i.HAL_I2C_MspDeInit)
    HAL_I2C_MspInit                          0x080029e3   Thumb Code     2  stm32f7xx_hal_i2c.o(i.HAL_I2C_MspInit)
    HAL_Init                                 0x080029e5   Thumb Code    34  stm32f7xx_hal.o(i.HAL_Init)
    HAL_InitTick                             0x08002a0d   Thumb Code    36  stm32f7xx_hal.o(i.HAL_InitTick)
    HAL_LTDC_ConfigLayer                     0x08002a31   Thumb Code    94  stm32f7xx_hal_ltdc.o(i.HAL_LTDC_ConfigLayer)
    HAL_LTDC_Init                            0x08002a91   Thumb Code   290  stm32f7xx_hal_ltdc.o(i.HAL_LTDC_Init)
    HAL_LTDC_MspInit                         0x08002bb9   Thumb Code     2  stm32f7xx_hal_ltdc.o(i.HAL_LTDC_MspInit)
    HAL_MspInit                              0x08002bbb   Thumb Code     2  stm32f7xx_hal.o(i.HAL_MspInit)
    HAL_NVIC_EnableIRQ                       0x08002bbd   Thumb Code    26  stm32f7xx_hal_cortex.o(i.HAL_NVIC_EnableIRQ)
    HAL_NVIC_SetPriority                     0x08002bd7   Thumb Code   124  stm32f7xx_hal_cortex.o(i.HAL_NVIC_SetPriority)
    HAL_NVIC_SetPriorityGrouping             0x08002c55   Thumb Code    32  stm32f7xx_hal_cortex.o(i.HAL_NVIC_SetPriorityGrouping)
    HAL_RCCEx_PeriphCLKConfig                0x08002c7d   Thumb Code  1944  stm32f7xx_hal_rcc_ex.o(i.HAL_RCCEx_PeriphCLKConfig)
    HAL_RCC_ClockConfig                      0x08003419   Thumb Code   608  stm32f7xx_hal_rcc.o(i.HAL_RCC_ClockConfig)
    HAL_RCC_GetHCLKFreq                      0x08003681   Thumb Code    42  stm32f7xx_hal_rcc.o(i.HAL_RCC_GetHCLKFreq)
    HAL_RCC_GetSysClockFreq                  0x080036b9   Thumb Code   168  stm32f7xx_hal_rcc.o(i.HAL_RCC_GetSysClockFreq)
    HAL_RCC_OscConfig                        0x0800376d   Thumb Code  1360  stm32f7xx_hal_rcc.o(i.HAL_RCC_OscConfig)
    HAL_SDRAM_Init                           0x08003cc1   Thumb Code    64  stm32f7xx_hal_sdram.o(i.HAL_SDRAM_Init)
    HAL_SDRAM_MspInit                        0x08003d01   Thumb Code     2  stm32f7xx_hal_sdram.o(i.HAL_SDRAM_MspInit)
    HAL_SDRAM_ProgramRefreshRate             0x08003d03   Thumb Code    40  stm32f7xx_hal_sdram.o(i.HAL_SDRAM_ProgramRefreshRate)
    HAL_SDRAM_SendCommand                    0x08003d2b   Thumb Code    58  stm32f7xx_hal_sdram.o(i.HAL_SDRAM_SendCommand)
    HAL_SYSTICK_Config                       0x08003d65   Thumb Code    52  stm32f7xx_hal_cortex.o(i.HAL_SYSTICK_Config)
    MainMenu                                 0x08004529   Thumb Code   494  tap wars.o(i.MainMenu)
    Periphral                                0x08004805   Thumb Code    52  tap wars.o(i.Periphral)
    SystemClock_Config                       0x08004841   Thumb Code   136  tap wars.o(i.SystemClock_Config)
    SystemInit                               0x080048d1   Thumb Code    82  system_stm32f7xx.o(i.SystemInit)
    TS_IO_Delay                              0x08004935   Thumb Code    12  stm32746g_discovery.o(i.TS_IO_Delay)
    TS_IO_Init                               0x08004941   Thumb Code    10  stm32746g_discovery.o(i.TS_IO_Init)
    TS_IO_Read                               0x08004951   Thumb Code    36  stm32746g_discovery.o(i.TS_IO_Read)
    TS_IO_Write                              0x08004979   Thumb Code    32  stm32746g_discovery.o(i.TS_IO_Write)
    Touch_GetState                           0x0800499d   Thumb Code    60  touch_746g_discovery.o(i.Touch_GetState)
    Touch_Initialize                         0x080049d9   Thumb Code    28  touch_746g_discovery.o(i.Touch_Initialize)
    Winner                                   0x080049f5   Thumb Code   180  tap wars.o(i.Winner)
    _init_box                                0x08004afd   Thumb Code    70  rt_membox.o(i._init_box)
    _mutex_acquire                           0x08004b45   Thumb Code    22  rtx_conf_cm.o(i._mutex_acquire)
    _mutex_release                           0x08004b65   Thumb Code    18  rtx_conf_cm.o(i._mutex_release)
    dbg_init                                 0x08004b81   Thumb Code    34  hal_cm.o(i.dbg_init)
    dbg_task_notify                          0x08004bb1   Thumb Code    32  hal_cm.o(i.dbg_task_notify)
    dbg_task_switch                          0x08004bd1   Thumb Code    16  hal_cm.o(i.dbg_task_switch)
    ft5336_Init                              0x08004c05   Thumb Code    16  ft5336.o(i.ft5336_Init)
    ft5336_ReadID                            0x08004c15   Thumb Code    58  ft5336.o(i.ft5336_ReadID)
    ft5336_Reset                             0x08004c4f   Thumb Code     2  ft5336.o(i.ft5336_Reset)
    ft5336_TS_ClearIT                        0x08004c51   Thumb Code     2  ft5336.o(i.ft5336_TS_ClearIT)
    ft5336_TS_DetectTouch                    0x08004c59   Thumb Code    58  ft5336.o(i.ft5336_TS_DetectTouch)
    ft5336_TS_DisableIT                      0x08004c99   Thumb Code    20  ft5336.o(i.ft5336_TS_DisableIT)
    ft5336_TS_EnableIT                       0x08004cad   Thumb Code    20  ft5336.o(i.ft5336_TS_EnableIT)
    ft5336_TS_GetGestureID                   0x08004cc1   Thumb Code    28  ft5336.o(i.ft5336_TS_GetGestureID)
    ft5336_TS_GetTouchInfo                   0x08004cdd   Thumb Code   258  ft5336.o(i.ft5336_TS_GetTouchInfo)
    ft5336_TS_GetXY                          0x08004de5   Thumb Code   346  ft5336.o(i.ft5336_TS_GetXY)
    ft5336_TS_ITStatus                       0x08004f49   Thumb Code     6  ft5336.o(i.ft5336_TS_ITStatus)
    ft5336_TS_Start                          0x08004f4f   Thumb Code    22  ft5336.o(i.ft5336_TS_Start)
    isrMessageGet                            0x08004f65   Thumb Code    42  rt_cmsis.o(i.isrMessageGet)
    isrMessagePut                            0x08004f8f   Thumb Code    44  rt_cmsis.o(i.isrMessagePut)
    isr_mbx_receive                          0x08004fbd   Thumb Code    82  rt_mailbox.o(i.isr_mbx_receive)
    isr_mbx_send                             0x0800500f   Thumb Code    14  rt_mailbox.o(i.isr_mbx_send)
    main                                     0x0800501d   Thumb Code   222  tap wars.o(i.main)
    osKernelInitialize                       0x0800510d   Thumb Code    30  rt_cmsis.o(i.osKernelInitialize)
    osKernelStart                            0x08005131   Thumb Code    98  rt_cmsis.o(i.osKernelStart)
    osMessageGet                             0x0800519d   Thumb Code    18  rt_cmsis.o(i.osMessageGet)
    osThreadCreate                           0x080051b5   Thumb Code    38  rt_cmsis.o(i.osThreadCreate)
    osThreadExit                             0x080051e5   Thumb Code    14  rt_cmsis.o(i.osThreadExit)
    osTimerCall                              0x080051fd   Thumb Code     8  rt_cmsis.o(i.osTimerCall)
    osTimerThread                            0x08005209   Thumb Code    38  rt_cmsis.o(i.osTimerThread)
    os_error                                 0x08005235   Thumb Code    34  rtx_conf_cm.o(i.os_error)
    os_idle_demon                            0x08005257   Thumb Code     4  rtx_conf_cm.o(i.os_idle_demon)
    os_tick_init                             0x0800525d   Thumb Code    32  rt_system.o(i.os_tick_init)
    os_tick_irqack                           0x08005285   Thumb Code     2  rt_system.o(i.os_tick_irqack)
    rt_alloc_box                             0x08005287   Thumb Code    26  rt_membox.o(i.rt_alloc_box)
    rt_alloc_mem                             0x080052a1   Thumb Code    62  rt_memory.o(i.rt_alloc_mem)
    rt_block                                 0x080052e1   Thumb Code    48  rt_task.o(i.rt_block)
    rt_chk_robin                             0x08005319   Thumb Code    60  rt_robin.o(i.rt_chk_robin)
    rt_dec_dly                               0x08005361   Thumb Code   102  rt_list.o(i.rt_dec_dly)
    rt_dispatch                              0x080053d1   Thumb Code    60  rt_task.o(i.rt_dispatch)
    rt_evt_psh                               0x08005415   Thumb Code    76  rt_event.o(i.rt_evt_psh)
    rt_free_box                              0x08005465   Thumb Code    44  rt_membox.o(i.rt_free_box)
    rt_free_mem                              0x08005491   Thumb Code    40  rt_memory.o(i.rt_free_mem)
    rt_get_first                             0x080054b9   Thumb Code    40  rt_list.o(i.rt_get_first)
    rt_init_mem                              0x08005531   Thumb Code    26  rt_memory.o(i.rt_init_mem)
    rt_init_robin                            0x0800554d   Thumb Code    14  rt_robin.o(i.rt_init_robin)
    rt_init_stack                            0x08005565   Thumb Code   118  hal_cm.o(i.rt_init_stack)
    rt_mbx_check                             0x080055e5   Thumb Code     8  rt_mailbox.o(i.rt_mbx_check)
    rt_mbx_init                              0x080055ed   Thumb Code    26  rt_mailbox.o(i.rt_mbx_init)
    rt_mbx_psh                               0x08005609   Thumb Code   236  rt_mailbox.o(i.rt_mbx_psh)
    rt_mbx_wait                              0x080056f9   Thumb Code   174  rt_mailbox.o(i.rt_mbx_wait)
    rt_mut_release                           0x080057f1   Thumb Code   208  rt_mutex.o(i.rt_mut_release)
    rt_mut_wait                              0x080058c9   Thumb Code   100  rt_mutex.o(i.rt_mut_wait)
    rt_pop_req                               0x08005931   Thumb Code   112  rt_system.o(i.rt_pop_req)
    rt_psh_req                               0x080059ad   Thumb Code    22  rt_system.o(i.rt_psh_req)
    rt_psq_enq                               0x080059cd   Thumb Code    88  rt_list.o(i.rt_psq_enq)
    rt_put_dly                               0x08005a29   Thumb Code    68  rt_list.o(i.rt_put_dly)
    rt_put_prio                              0x08005a71   Thumb Code    54  rt_list.o(i.rt_put_prio)
    rt_put_rdy_first                         0x08005aa9   Thumb Code    14  rt_list.o(i.rt_put_rdy_first)
    rt_resort_prio                           0x08005abd   Thumb Code    46  rt_list.o(i.rt_resort_prio)
    rt_ret_val                               0x08005b01   Thumb Code    12  hal_cm.o(i.rt_ret_val)
    rt_ret_val2                              0x08005b0d   Thumb Code    16  hal_cm.o(i.rt_ret_val2)
    rt_rmv_dly                               0x08005b1d   Thumb Code    40  rt_list.o(i.rt_rmv_dly)
    rt_rmv_list                              0x08005b45   Thumb Code    44  rt_list.o(i.rt_rmv_list)
    rt_sem_psh                               0x08005b75   Thumb Code    48  rt_semaphore.o(i.rt_sem_psh)
    rt_stk_check                             0x08005ba9   Thumb Code    28  rt_system.o(i.rt_stk_check)
    rt_switch_req                            0x08005bcd   Thumb Code    30  rt_task.o(i.rt_switch_req)
    rt_sys_init                              0x08005bf5   Thumb Code   138  rt_task.o(i.rt_sys_init)
    rt_sys_start                             0x08005cc1   Thumb Code   110  rt_task.o(i.rt_sys_start)
    rt_systick                               0x08005d39   Thumb Code    50  rt_system.o(i.rt_systick)
    rt_tsk_create                            0x08005dc1   Thumb Code   118  rt_task.o(i.rt_tsk_create)
    rt_tsk_delete                            0x08005e49   Thumb Code   352  rt_task.o(i.rt_tsk_delete)
    rt_tsk_prio                              0x08005fc5   Thumb Code   108  rt_task.o(i.rt_tsk_prio)
    rt_tsk_self                              0x08006041   Thumb Code    12  rt_task.o(i.rt_tsk_self)
    svcKernelInitialize                      0x08006051   Thumb Code    80  rt_cmsis.o(i.svcKernelInitialize)
    svcKernelStart                           0x080060c1   Thumb Code    62  rt_cmsis.o(i.svcKernelStart)
    svcMessageCreate                         0x08006109   Thumb Code    36  rt_cmsis.o(i.svcMessageCreate)
    svcMessageGet                            0x0800612d   Thumb Code    58  rt_cmsis.o(i.svcMessageGet)
    svcThreadCreate                          0x08006169   Thumb Code   100  rt_cmsis.o(i.svcThreadCreate)
    svcThreadGetId                           0x080061d9   Thumb Code    22  rt_cmsis.o(i.svcThreadGetId)
    svcThreadTerminate                       0x080061f5   Thumb Code    50  rt_cmsis.o(i.svcThreadTerminate)
    svcTimerCall                             0x0800622d   Thumb Code    24  rt_cmsis.o(i.svcTimerCall)
    sysTimerTick                             0x08006245   Thumb Code    84  rt_cmsis.o(i.sysTimerTick)
    _fp_init                                 0x080062a1   Thumb Code    10  fpinit.o(x$fpl$fpinit)
    __fplib_config_fpu_vfp                   0x080062a9   Thumb Code     0  fpinit.o(x$fpl$fpinit)
    __fplib_config_pureend_doubles           0x080062a9   Thumb Code     0  fpinit.o(x$fpl$fpinit)
    GLCD_Font_6x8                            0x08007b2c   Data          16  glcd_fonts.o(.constdata)
    GLCD_Font_16x24                          0x08007b3c   Data          16  glcd_fonts.o(.constdata)
    os_maxtaskrun                            0x08007b4c   Data           2  rtx_conf_cm.o(.constdata)
    os_stackinfo                             0x08007b50   Data           4  rtx_conf_cm.o(.constdata)
    os_rrobin                                0x08007b54   Data           4  rtx_conf_cm.o(.constdata)
    os_tickfreq                              0x08007b58   Data           4  rtx_conf_cm.o(.constdata)
    os_tickus_i                              0x08007b5c   Data           2  rtx_conf_cm.o(.constdata)
    os_tickus_f                              0x08007b5e   Data           2  rtx_conf_cm.o(.constdata)
    os_trv                                   0x08007b60   Data           4  rtx_conf_cm.o(.constdata)
    os_flags                                 0x08007b64   Data           1  rtx_conf_cm.o(.constdata)
    CMSIS_RTOS_API_Version                   0x08007b68   Data           4  rtx_conf_cm.o(.constdata)
    CMSIS_RTOS_RTX_Version                   0x08007b6c   Data           4  rtx_conf_cm.o(.constdata)
    os_clockrate                             0x08007b70   Data           4  rtx_conf_cm.o(.constdata)
    os_timernum                              0x08007b74   Data           4  rtx_conf_cm.o(.constdata)
    mp_tcb_size                              0x08007b78   Data           2  rtx_conf_cm.o(.constdata)
    mp_stk_size                              0x08007b7c   Data           4  rtx_conf_cm.o(.constdata)
    os_stack_sz                              0x08007b80   Data           4  rtx_conf_cm.o(.constdata)
    os_fifo_size                             0x08007b84   Data           1  rtx_conf_cm.o(.constdata)
    os_thread_def_osTimerThread              0x08007b88   Data          16  rtx_conf_cm.o(.constdata)
    os_messageQ_def_osTimerMessageQ          0x08007b98   Data           8  rtx_conf_cm.o(.constdata)
    mp_tmr_size                              0x08007ba0   Data           2  rtx_conf_cm.o(.constdata)
    APBAHBPrescTable                         0x08007ba2   Data          16  stm32f7xx_hal_rcc.o(.constdata)
    Region$$Table$$Base                      0x08007bfc   Number         0  anon$$obj.o(Region$$Table)
    Region$$Table$$Limit                     0x08007c1c   Number         0  anon$$obj.o(Region$$Table)
    ft5336_ts_drv                            0x20010000   Data          40  ft5336.o(.data)
    osThreadId_osTimerThread                 0x20010044   Data           4  rtx_conf_cm.o(.data)
    osMessageQId_osTimerMessageQ             0x20010048   Data           4  rtx_conf_cm.o(.data)
    os_tmr                                   0x2001004c   Data           4  rtx_conf_cm.o(.data)
    m_tmr                                    0x20010050   Data           4  rtx_conf_cm.o(.data)
    os_thread_def_main                       0x20010058   Data          16  rtx_conf_cm.o(.data)
    SystemCoreClock                          0x20010068   Data           4  system_stm32f7xx.o(.data)
    os_initialized                           0x2001006c   Data           1  rt_cmsis.o(.data)
    os_running                               0x2001006d   Data           1  rt_cmsis.o(.data)
    os_timer_head                            0x20010070   Data           4  rt_cmsis.o(.data)
    os_tsk                                   0x20010074   Data           8  rt_task.o(.data)
    os_time                                  0x2001007c   Data           4  rt_time.o(.data)
    os_tick_irqn                             0x20010084   Data           4  rt_system.o(.data)
    os_robin                                 0x20010088   Data           8  rt_robin.o(.data)
    dbg_msg                                  0x20010090   Data           1  hal_cm.o(.data)
    mp_tcb                                   0x200102e0   Data         376  rtx_conf_cm.o(.bss)
    mp_stk                                   0x20010458   Data        1216  rtx_conf_cm.o(.bss)
    os_stack_mem                             0x20010918   Data         432  rtx_conf_cm.o(.bss)
    os_fifo                                  0x20010ac8   Data         132  rtx_conf_cm.o(.bss)
    os_active_TCB                            0x20010b4c   Data          28  rtx_conf_cm.o(.bss)
    os_messageQ_q_osTimerMessageQ            0x20010b68   Data          32  rtx_conf_cm.o(.bss)
    os_idle_TCB                              0x20010ea8   Data          52  rt_task.o(.bss)
    os_rdy                                   0x20010edc   Data          24  rt_list.o(.bss)
    os_dly                                   0x20010ef4   Data          24  rt_list.o(.bss)
    __libspace_start                         0x20010f0c   Data          96  libspace.o(.bss)
    __temporary_stack_top$libspace           0x20010f6c   Data           0  libspace.o(.bss)



==============================================================================

Memory Map of the image

  Image Entry point : 0x0800042d

  Load Region LR_1 (Base: 0x08000000, Size: 0x00007cb0, Max: 0xffffffff, ABSOLUTE)

    Execution Region ER_RO (Base: 0x08000000, Size: 0x00007c1c, Max: 0xffffffff, ABSOLUTE)

    Base Addr    Size         Type   Attr      Idx    E Section Name        Object

    0x08000000   0x000001c8   Data   RO         2817    RESET               startup_stm32f746xx.o
    0x080001c8   0x00000008   Code   RO         4121  * !!!main             c_w.l(__main.o)
    0x080001d0   0x00000034   Code   RO         4291    !!!scatter          c_w.l(__scatter.o)
    0x08000204   0x0000001a   Code   RO         4293    !!handler_copy      c_w.l(__scatter_copy.o)
    0x0800021e   0x00000002   PAD
    0x08000220   0x0000001c   Code   RO         4295    !!handler_zi        c_w.l(__scatter_zi.o)
    0x0800023c   0x00000000   Code   RO         4114    .ARM.Collect$$_printf_percent$$00000000  c_w.l(_printf_percent.o)
    0x0800023c   0x00000006   Code   RO         4113    .ARM.Collect$$_printf_percent$$00000008  c_w.l(_printf_i.o)
    0x08000242   0x00000004   Code   RO         4136    .ARM.Collect$$_printf_percent$$00000017  c_w.l(_printf_percent_end.o)
    0x08000246   0x00000002   Code   RO         4177    .ARM.Collect$$libinit$$00000000  c_w.l(libinit.o)
    0x08000248   0x00000004   Code   RO         4188    .ARM.Collect$$libinit$$00000001  c_w.l(libinit2.o)
    0x0800024c   0x00000000   Code   RO         4191    .ARM.Collect$$libinit$$00000004  c_w.l(libinit2.o)
    0x0800024c   0x00000000   Code   RO         4194    .ARM.Collect$$libinit$$0000000A  c_w.l(libinit2.o)
    0x0800024c   0x00000000   Code   RO         4196    .ARM.Collect$$libinit$$0000000C  c_w.l(libinit2.o)
    0x0800024c   0x00000000   Code   RO         4198    .ARM.Collect$$libinit$$0000000E  c_w.l(libinit2.o)
    0x0800024c   0x00000000   Code   RO         4201    .ARM.Collect$$libinit$$00000011  c_w.l(libinit2.o)
    0x0800024c   0x00000000   Code   RO         4203    .ARM.Collect$$libinit$$00000013  c_w.l(libinit2.o)
    0x0800024c   0x00000000   Code   RO         4205    .ARM.Collect$$libinit$$00000015  c_w.l(libinit2.o)
    0x0800024c   0x00000000   Code   RO         4207    .ARM.Collect$$libinit$$00000017  c_w.l(libinit2.o)
    0x0800024c   0x00000000   Code   RO         4209    .ARM.Collect$$libinit$$00000019  c_w.l(libinit2.o)
    0x0800024c   0x00000000   Code   RO         4211    .ARM.Collect$$libinit$$0000001B  c_w.l(libinit2.o)
    0x0800024c   0x00000000   Code   RO         4213    .ARM.Collect$$libinit$$0000001D  c_w.l(libinit2.o)
    0x0800024c   0x00000000   Code   RO         4215    .ARM.Collect$$libinit$$0000001F  c_w.l(libinit2.o)
    0x0800024c   0x00000000   Code   RO         4217    .ARM.Collect$$libinit$$00000021  c_w.l(libinit2.o)
    0x0800024c   0x00000000   Code   RO         4219    .ARM.Collect$$libinit$$00000023  c_w.l(libinit2.o)
    0x0800024c   0x00000000   Code   RO         4221    .ARM.Collect$$libinit$$00000025  c_w.l(libinit2.o)
    0x0800024c   0x00000000   Code   RO         4225    .ARM.Collect$$libinit$$0000002C  c_w.l(libinit2.o)
    0x0800024c   0x00000000   Code   RO         4227    .ARM.Collect$$libinit$$0000002E  c_w.l(libinit2.o)
    0x0800024c   0x00000000   Code   RO         4229    .ARM.Collect$$libinit$$00000030  c_w.l(libinit2.o)
    0x0800024c   0x00000000   Code   RO         4231    .ARM.Collect$$libinit$$00000032  c_w.l(libinit2.o)
    0x0800024c   0x00000002   Code   RO         4232    .ARM.Collect$$libinit$$00000033  c_w.l(libinit2.o)
    0x0800024e   0x00000002   Code   RO         4178    .ARM.Collect$$libshutdown$$00000000  c_w.l(libshutdown.o)
    0x08000250   0x00000000   Code   RO         4234    .ARM.Collect$$libshutdown$$00000002  c_w.l(libshutdown2.o)
    0x08000250   0x00000000   Code   RO         4236    .ARM.Collect$$libshutdown$$00000004  c_w.l(libshutdown2.o)
    0x08000250   0x00000000   Code   RO         4239    .ARM.Collect$$libshutdown$$00000007  c_w.l(libshutdown2.o)
    0x08000250   0x00000000   Code   RO         4242    .ARM.Collect$$libshutdown$$0000000A  c_w.l(libshutdown2.o)
    0x08000250   0x00000000   Code   RO         4244    .ARM.Collect$$libshutdown$$0000000C  c_w.l(libshutdown2.o)
    0x08000250   0x00000000   Code   RO         4247    .ARM.Collect$$libshutdown$$0000000F  c_w.l(libshutdown2.o)
    0x08000250   0x00000002   Code   RO         4248    .ARM.Collect$$libshutdown$$00000010  c_w.l(libshutdown2.o)
    0x08000252   0x00000000   Code   RO         4123    .ARM.Collect$$rtentry$$00000000  c_w.l(__rtentry.o)
    0x08000252   0x00000000   Code   RO         4138    .ARM.Collect$$rtentry$$00000002  c_w.l(__rtentry2.o)
    0x08000252   0x00000006   Code   RO         4150    .ARM.Collect$$rtentry$$00000004  c_w.l(__rtentry4.o)
    0x08000258   0x00000000   Code   RO         4140    .ARM.Collect$$rtentry$$00000009  c_w.l(__rtentry2.o)
    0x08000258   0x00000004   Code   RO         4141    .ARM.Collect$$rtentry$$0000000A  c_w.l(__rtentry2.o)
    0x0800025c   0x00000008   Code   RO         4142    .ARM.Collect$$rtentry$$0000000B  c_w.l(__rtentry2.o)
    0x08000264   0x00000008   Code   RO         4144    .ARM.Collect$$rtentry$$0000000D  c_w.l(__rtentry2.o)
    0x0800026c   0x00000002   Code   RO         4124    .ARM.Collect$$rtexit$$00000000  c_w.l(rtexit.o)
    0x0800026e   0x00000000   Code   RO         4153    .ARM.Collect$$rtexit$$00000002  c_w.l(rtexit2.o)
    0x0800026e   0x00000004   Code   RO         4154    .ARM.Collect$$rtexit$$00000003  c_w.l(rtexit2.o)
    0x08000272   0x00000006   Code   RO         4155    .ARM.Collect$$rtexit$$00000004  c_w.l(rtexit2.o)
    0x08000278   0x0000001c   Code   RO          845    .emb_text           rtx_conf_cm.o
    0x08000294   0x00000198   Code   RO         4065    .emb_text           RTX_CM4.lib(hal_cm4.o)
    0x0800042c   0x00000040   Code   RO         2818  * .text               startup_stm32f746xx.o
    0x0800046c   0x00000008   Code   RO         4080    .text               c_w.l(libspace.o)
    0x08000474   0x00000028   Code   RO         4087    .text               c_w.l(noretval__2sprintf.o)
    0x0800049c   0x00000068   Code   RO         4089    .text               c_w.l(__printf.o)
    0x08000504   0x00000078   Code   RO         4091    .text               c_w.l(_printf_dec.o)
    0x0800057c   0x00000012   Code   RO         4115    .text               c_w.l(exit.o)
    0x0800058e   0x00000064   Code   RO         4117    .text               c_w.l(rt_memcpy_w.o)
    0x080005f2   0x00000006   Code   RO         4119    .text               c_w.l(heapauxi.o)
    0x080005f8   0x000000b2   Code   RO         4130    .text               c_w.l(_printf_intcommon.o)
    0x080006aa   0x00000002   PAD
    0x080006ac   0x00000030   Code   RO         4132    .text               c_w.l(_printf_char_common.o)
    0x080006dc   0x0000000a   Code   RO         4134    .text               c_w.l(_sputc.o)
    0x080006e6   0x00000002   PAD
    0x080006e8   0x0000000c   Code   RO         4163    .text               c_w.l(sys_exit.o)
    0x080006f4   0x0000004a   Code   RO         4165    .text               c_w.l(sys_stackheap_outer.o)
    0x0800073e   0x00000002   Code   RO         4179    .text               c_w.l(use_no_semi.o)
    0x08000740   0x00000000   Code   RO         4181    .text               c_w.l(indicate_semi.o)
    0x08000740   0x00000004   Code   RO         4075    SVC_TABLE           RTX_CM4.lib(svc_table.o)
    0x08000744   0x0000008c   Code   RO          511    i.BSP_SDRAM_Init    stm32746g_discovery_sdram.o
    0x080007d0   0x00000098   Code   RO          512    i.BSP_SDRAM_Initialization_sequence  stm32746g_discovery_sdram.o
    0x08000868   0x000001c8   Code   RO          514    i.BSP_SDRAM_MspInit  stm32746g_discovery_sdram.o
    0x08000a30   0x0000022c   Code   RO          600    i.BSP_TS_GetState   stm32746g_discovery_ts.o
    0x08000c5c   0x00000070   Code   RO          601    i.BSP_TS_Get_GestureId  stm32746g_discovery_ts.o
    0x08000ccc   0x00000064   Code   RO          605    i.BSP_TS_Init       stm32746g_discovery_ts.o
    0x08000d30   0x00000074   Code   RO         2683    i.FMC_SDRAM_Init    stm32f7xx_ll_fmc.o
    0x08000da4   0x0000000e   Code   RO         2684    i.FMC_SDRAM_ProgramRefreshRate  stm32f7xx_ll_fmc.o
    0x08000db2   0x00000056   Code   RO         2685    i.FMC_SDRAM_SendCommand  stm32f7xx_ll_fmc.o
    0x08000e08   0x00000098   Code   RO         2687    i.FMC_SDRAM_Timing_Init  stm32f7xx_ll_fmc.o
    0x08000ea0   0x00000024   Code   RO          679    i.GLCD_ClearScreen  glcd_746g_discovery.o
    0x08000ec4   0x000000d8   Code   RO          682    i.GLCD_DrawChar     glcd_746g_discovery.o
    0x08000f9c   0x0000002c   Code   RO          683    i.GLCD_DrawHLine    glcd_746g_discovery.o
    0x08000fc8   0x00000036   Code   RO          685    i.GLCD_DrawRectangle  glcd_746g_discovery.o
    0x08000ffe   0x00000002   PAD
    0x08001000   0x0000002c   Code   RO          686    i.GLCD_DrawString   glcd_746g_discovery.o
    0x0800102c   0x00000030   Code   RO          687    i.GLCD_DrawVLine    glcd_746g_discovery.o
    0x0800105c   0x00000218   Code   RO          690    i.GLCD_Initialize   glcd_746g_discovery.o
    0x08001274   0x00000010   Code   RO          692    i.GLCD_SetFont      glcd_746g_discovery.o
    0x08001284   0x00000010   Code   RO          693    i.GLCD_SetForegroundColor  glcd_746g_discovery.o
    0x08001294   0x00000130   Code   RO            4    i.Game              tap wars.o
    0x080013c4   0x00000f64   Code   RO         1197    i.HAL_DMA_DeInit    stm32f7xx_hal_dma.o
    0x08002328   0x0000007c   Code   RO         1201    i.HAL_DMA_Init      stm32f7xx_hal_dma.o
    0x080023a4   0x0000001a   Code   RO          916    i.HAL_Delay         stm32f7xx_hal.o
    0x080023be   0x00000002   PAD
    0x080023c0   0x00000218   Code   RO         1316    i.HAL_GPIO_Init     stm32f7xx_hal_gpio.o
    0x080025d8   0x00000010   Code   RO         1318    i.HAL_GPIO_ReadPin  stm32f7xx_hal_gpio.o
    0x080025e8   0x0000000c   Code   RO         1320    i.HAL_GPIO_WritePin  stm32f7xx_hal_gpio.o
    0x080025f4   0x0000000c   Code   RO            5    i.HAL_GetTick       tap wars.o
    0x08002600   0x00000036   Code   RO         1379    i.HAL_I2C_DeInit    stm32f7xx_hal_i2c.o
    0x08002636   0x00000008   Code   RO         1384    i.HAL_I2C_GetState  stm32f7xx_hal_i2c.o
    0x0800263e   0x00000002   PAD
    0x08002640   0x000000b4   Code   RO         1385    i.HAL_I2C_Init      stm32f7xx_hal_i2c.o
    0x080026f4   0x00000174   Code   RO         1397    i.HAL_I2C_Mem_Read  stm32f7xx_hal_i2c.o
    0x08002868   0x00000178   Code   RO         1400    i.HAL_I2C_Mem_Write  stm32f7xx_hal_i2c.o
    0x080029e0   0x00000002   Code   RO         1403    i.HAL_I2C_MspDeInit  stm32f7xx_hal_i2c.o
    0x080029e2   0x00000002   Code   RO         1404    i.HAL_I2C_MspInit   stm32f7xx_hal_i2c.o
    0x080029e4   0x00000028   Code   RO          926    i.HAL_Init          stm32f7xx_hal.o
    0x08002a0c   0x00000024   Code   RO          927    i.HAL_InitTick      stm32f7xx_hal.o
    0x08002a30   0x0000005e   Code   RO         1728    i.HAL_LTDC_ConfigLayer  stm32f7xx_hal_ltdc.o
    0x08002a8e   0x00000002   PAD
    0x08002a90   0x00000128   Code   RO         1740    i.HAL_LTDC_Init     stm32f7xx_hal_ltdc.o
    0x08002bb8   0x00000002   Code   RO         1743    i.HAL_LTDC_MspInit  stm32f7xx_hal_ltdc.o
    0x08002bba   0x00000002   Code   RO          929    i.HAL_MspInit       stm32f7xx_hal.o
    0x08002bbc   0x0000001a   Code   RO         1070    i.HAL_NVIC_EnableIRQ  stm32f7xx_hal_cortex.o
    0x08002bd6   0x0000007c   Code   RO         1076    i.HAL_NVIC_SetPriority  stm32f7xx_hal_cortex.o
    0x08002c52   0x00000002   PAD
    0x08002c54   0x00000028   Code   RO         1077    i.HAL_NVIC_SetPriorityGrouping  stm32f7xx_hal_cortex.o
    0x08002c7c   0x0000079c   Code   RO         2216    i.HAL_RCCEx_PeriphCLKConfig  stm32f7xx_hal_rcc_ex.o
    0x08003418   0x00000268   Code   RO         2110    i.HAL_RCC_ClockConfig  stm32f7xx_hal_rcc.o
    0x08003680   0x00000038   Code   RO         2115    i.HAL_RCC_GetHCLKFreq  stm32f7xx_hal_rcc.o
    0x080036b8   0x000000b4   Code   RO         2119    i.HAL_RCC_GetSysClockFreq  stm32f7xx_hal_rcc.o
    0x0800376c   0x00000554   Code   RO         2122    i.HAL_RCC_OscConfig  stm32f7xx_hal_rcc.o
    0x08003cc0   0x00000040   Code   RO         2256    i.HAL_SDRAM_Init    stm32f7xx_hal_sdram.o
    0x08003d00   0x00000002   Code   RO         2258    i.HAL_SDRAM_MspInit  stm32f7xx_hal_sdram.o
    0x08003d02   0x00000028   Code   RO         2259    i.HAL_SDRAM_ProgramRefreshRate  stm32f7xx_hal_sdram.o
    0x08003d2a   0x0000003a   Code   RO         2265    i.HAL_SDRAM_SendCommand  stm32f7xx_hal_sdram.o
    0x08003d64   0x00000034   Code   RO         1081    i.HAL_SYSTICK_Config  stm32f7xx_hal_cortex.o
    0x08003d98   0x000000b8   Code   RO         1420    i.I2C_IsAcknowledgeFailed  stm32f7xx_hal_i2c.o
    0x08003e50   0x00000082   Code   RO         1423    i.I2C_RequestMemoryRead  stm32f7xx_hal_i2c.o
    0x08003ed2   0x00000082   Code   RO         1424    i.I2C_RequestMemoryWrite  stm32f7xx_hal_i2c.o
    0x08003f54   0x00000030   Code   RO         1427    i.I2C_TransferConfig  stm32f7xx_hal_i2c.o
    0x08003f84   0x000000a4   Code   RO         1428    i.I2C_WaitOnFlagUntilTimeout  stm32f7xx_hal_i2c.o
    0x08004028   0x00000056   Code   RO         1430    i.I2C_WaitOnSTOPFlagUntilTimeout  stm32f7xx_hal_i2c.o
    0x0800407e   0x00000058   Code   RO         1431    i.I2C_WaitOnTXISFlagUntilTimeout  stm32f7xx_hal_i2c.o
    0x080040d6   0x00000014   Code   RO          309    i.I2Cx_Error        stm32746g_discovery.o
    0x080040ea   0x00000002   PAD
    0x080040ec   0x00000050   Code   RO          310    i.I2Cx_Init         stm32746g_discovery.o
    0x0800413c   0x00000164   Code   RO          312    i.I2Cx_MspInit      stm32746g_discovery.o
    0x080042a0   0x0000003a   Code   RO          313    i.I2Cx_ReadMultiple  stm32746g_discovery.o
    0x080042da   0x0000003a   Code   RO          314    i.I2Cx_WriteMultiple  stm32746g_discovery.o
    0x08004314   0x00000212   Code   RO         1750    i.LTDC_SetConfig    stm32f7xx_hal_ltdc.o
    0x08004526   0x00000002   PAD
    0x08004528   0x000002a4   Code   RO            6    i.MainMenu          tap wars.o
    0x080047cc   0x00000010   Code   RO         1083    i.NVIC_GetPriorityGrouping  stm32f7xx_hal_cortex.o
    0x080047dc   0x00000028   Code   RO         1084    i.NVIC_SetPriority  stm32f7xx_hal_cortex.o
    0x08004804   0x0000003c   Code   RO            7    i.Periphral         tap wars.o
    0x08004840   0x00000090   Code   RO            8    i.SystemClock_Config  tap wars.o
    0x080048d0   0x00000064   Code   RO         2826    i.SystemInit        system_stm32f7xx.o
    0x08004934   0x0000000c   Code   RO          315    i.TS_IO_Delay       stm32746g_discovery.o
    0x08004940   0x00000010   Code   RO          316    i.TS_IO_Init        stm32746g_discovery.o
    0x08004950   0x00000028   Code   RO          317    i.TS_IO_Read        stm32746g_discovery.o
    0x08004978   0x00000024   Code   RO          318    i.TS_IO_Write       stm32746g_discovery.o
    0x0800499c   0x0000003c   Code   RO          812    i.Touch_GetState    touch_746g_discovery.o
    0x080049d8   0x0000001c   Code   RO          813    i.Touch_Initialize  touch_746g_discovery.o
    0x080049f4   0x00000108   Code   RO            9    i.Winner            tap wars.o
    0x08004afc   0x00000046   Code   RO         3959    i._init_box         RTX_CM4.lib(rt_membox.o)
    0x08004b42   0x00000002   PAD
    0x08004b44   0x00000020   Code   RO          847    i._mutex_acquire    rtx_conf_cm.o
    0x08004b64   0x0000001c   Code   RO          849    i._mutex_release    rtx_conf_cm.o
    0x08004b80   0x00000030   Code   RO         4012    i.dbg_init          RTX_CM4.lib(hal_cm.o)
    0x08004bb0   0x00000020   Code   RO         4013    i.dbg_task_notify   RTX_CM4.lib(hal_cm.o)
    0x08004bd0   0x00000010   Code   RO         4014    i.dbg_task_switch   RTX_CM4.lib(hal_cm.o)
    0x08004be0   0x0000000c   Code   RO          180    i.ft5336_Get_I2C_InitializedStatus  ft5336.o
    0x08004bec   0x00000018   Code   RO          181    i.ft5336_I2C_InitializeIfRequired  ft5336.o
    0x08004c04   0x00000010   Code   RO          182    i.ft5336_Init       ft5336.o
    0x08004c14   0x0000003a   Code   RO          183    i.ft5336_ReadID     ft5336.o
    0x08004c4e   0x00000002   Code   RO          184    i.ft5336_Reset      ft5336.o
    0x08004c50   0x00000002   Code   RO          185    i.ft5336_TS_ClearIT  ft5336.o
    0x08004c52   0x00000006   Code   RO          186    i.ft5336_TS_Configure  ft5336.o
    0x08004c58   0x00000040   Code   RO          187    i.ft5336_TS_DetectTouch  ft5336.o
    0x08004c98   0x00000014   Code   RO          188    i.ft5336_TS_DisableIT  ft5336.o
    0x08004cac   0x00000014   Code   RO          189    i.ft5336_TS_EnableIT  ft5336.o
    0x08004cc0   0x0000001c   Code   RO          190    i.ft5336_TS_GetGestureID  ft5336.o
    0x08004cdc   0x00000108   Code   RO          191    i.ft5336_TS_GetTouchInfo  ft5336.o
    0x08004de4   0x00000164   Code   RO          192    i.ft5336_TS_GetXY   ft5336.o
    0x08004f48   0x00000006   Code   RO          193    i.ft5336_TS_ITStatus  ft5336.o
    0x08004f4e   0x00000016   Code   RO          194    i.ft5336_TS_Start   ft5336.o
    0x08004f64   0x0000002a   Code   RO         2862    i.isrMessageGet     RTX_CM4.lib(rt_cmsis.o)
    0x08004f8e   0x0000002c   Code   RO         2863    i.isrMessagePut     RTX_CM4.lib(rt_cmsis.o)
    0x08004fba   0x00000002   PAD
    0x08004fbc   0x00000052   Code   RO         3847    i.isr_mbx_receive   RTX_CM4.lib(rt_mailbox.o)
    0x0800500e   0x0000000e   Code   RO         3848    i.isr_mbx_send      RTX_CM4.lib(rt_mailbox.o)
    0x0800501c   0x000000f0   Code   RO           10    i.main              tap wars.o
    0x0800510c   0x00000024   Code   RO         2867    i.osKernelInitialize  RTX_CM4.lib(rt_cmsis.o)
    0x08005130   0x0000006c   Code   RO         2869    i.osKernelStart     RTX_CM4.lib(rt_cmsis.o)
    0x0800519c   0x00000018   Code   RO         2878    i.osMessageGet      RTX_CM4.lib(rt_cmsis.o)
    0x080051b4   0x00000030   Code   RO         2895    i.osThreadCreate    RTX_CM4.lib(rt_cmsis.o)
    0x080051e4   0x00000018   Code   RO         2896    i.osThreadExit      RTX_CM4.lib(rt_cmsis.o)
    0x080051fc   0x0000000c   Code   RO         2902    i.osTimerCall       RTX_CM4.lib(rt_cmsis.o)
    0x08005208   0x0000002c   Code   RO         2907    i.osTimerThread     RTX_CM4.lib(rt_cmsis.o)
    0x08005234   0x00000022   Code   RO          850    i.os_error          rtx_conf_cm.o
    0x08005256   0x00000004   Code   RO          851    i.os_idle_demon     rtx_conf_cm.o
    0x0800525a   0x00000002   PAD
    0x0800525c   0x00000028   Code   RO         3639    i.os_tick_init      RTX_CM4.lib(rt_system.o)
    0x08005284   0x00000002   Code   RO         3640    i.os_tick_irqack    RTX_CM4.lib(rt_system.o)
    0x08005286   0x0000001a   Code   RO         3960    i.rt_alloc_box      RTX_CM4.lib(rt_membox.o)
    0x080052a0   0x0000003e   Code   RO         3988    i.rt_alloc_mem      RTX_CM4.lib(rt_memory.o)
    0x080052de   0x00000002   PAD
    0x080052e0   0x00000038   Code   RO         3487    i.rt_block          RTX_CM4.lib(rt_task.o)
    0x08005318   0x00000048   Code   RO         3937    i.rt_chk_robin      RTX_CM4.lib(rt_robin.o)
    0x08005360   0x00000070   Code   RO         3771    i.rt_dec_dly        RTX_CM4.lib(rt_list.o)
    0x080053d0   0x00000044   Code   RO         3488    i.rt_dispatch       RTX_CM4.lib(rt_task.o)
    0x08005414   0x00000050   Code   RO         3732    i.rt_evt_psh        RTX_CM4.lib(rt_event.o)
    0x08005464   0x0000002c   Code   RO         3961    i.rt_free_box       RTX_CM4.lib(rt_membox.o)
    0x08005490   0x00000028   Code   RO         3989    i.rt_free_mem       RTX_CM4.lib(rt_memory.o)
    0x080054b8   0x00000028   Code   RO         3772    i.rt_get_first      RTX_CM4.lib(rt_list.o)
    0x080054e0   0x00000008   Code   RO         2912    i.rt_id2obj         RTX_CM4.lib(rt_cmsis.o)
    0x080054e8   0x00000048   Code   RO         3489    i.rt_init_context   RTX_CM4.lib(rt_task.o)
    0x08005530   0x0000001a   Code   RO         3990    i.rt_init_mem       RTX_CM4.lib(rt_memory.o)
    0x0800554a   0x00000002   PAD
    0x0800554c   0x00000018   Code   RO         3938    i.rt_init_robin     RTX_CM4.lib(rt_robin.o)
    0x08005564   0x00000080   Code   RO         4015    i.rt_init_stack     RTX_CM4.lib(hal_cm.o)
    0x080055e4   0x00000008   Code   RO         3849    i.rt_mbx_check      RTX_CM4.lib(rt_mailbox.o)
    0x080055ec   0x0000001a   Code   RO         3850    i.rt_mbx_init       RTX_CM4.lib(rt_mailbox.o)
    0x08005606   0x00000002   PAD
    0x08005608   0x000000f0   Code   RO         3851    i.rt_mbx_psh        RTX_CM4.lib(rt_mailbox.o)
    0x080056f8   0x000000b4   Code   RO         3853    i.rt_mbx_wait       RTX_CM4.lib(rt_mailbox.o)
    0x080057ac   0x00000044   Code   RO         2913    i.rt_ms2tick        RTX_CM4.lib(rt_cmsis.o)
    0x080057f0   0x000000d8   Code   RO         3606    i.rt_mut_release    RTX_CM4.lib(rt_mutex.o)
    0x080058c8   0x00000068   Code   RO         3607    i.rt_mut_wait       RTX_CM4.lib(rt_mutex.o)
    0x08005930   0x0000007c   Code   RO         3643    i.rt_pop_req        RTX_CM4.lib(rt_system.o)
    0x080059ac   0x00000020   Code   RO         3644    i.rt_psh_req        RTX_CM4.lib(rt_system.o)
    0x080059cc   0x0000005c   Code   RO         3774    i.rt_psq_enq        RTX_CM4.lib(rt_list.o)
    0x08005a28   0x00000048   Code   RO         3775    i.rt_put_dly        RTX_CM4.lib(rt_list.o)
    0x08005a70   0x00000036   Code   RO         3776    i.rt_put_prio       RTX_CM4.lib(rt_list.o)
    0x08005aa6   0x00000002   PAD
    0x08005aa8   0x00000014   Code   RO         3777    i.rt_put_rdy_first  RTX_CM4.lib(rt_list.o)
    0x08005abc   0x00000034   Code   RO         3778    i.rt_resort_prio    RTX_CM4.lib(rt_list.o)
    0x08005af0   0x00000010   Code   RO         4016    i.rt_ret_regs       RTX_CM4.lib(hal_cm.o)
    0x08005b00   0x0000000c   Code   RO         4017    i.rt_ret_val        RTX_CM4.lib(hal_cm.o)
    0x08005b0c   0x00000010   Code   RO         4018    i.rt_ret_val2       RTX_CM4.lib(hal_cm.o)
    0x08005b1c   0x00000028   Code   RO         3779    i.rt_rmv_dly        RTX_CM4.lib(rt_list.o)
    0x08005b44   0x00000030   Code   RO         3780    i.rt_rmv_list       RTX_CM4.lib(rt_list.o)
    0x08005b74   0x00000034   Code   RO         3898    i.rt_sem_psh        RTX_CM4.lib(rt_semaphore.o)
    0x08005ba8   0x00000024   Code   RO         3646    i.rt_stk_check      RTX_CM4.lib(rt_system.o)
    0x08005bcc   0x00000028   Code   RO         3490    i.rt_switch_req     RTX_CM4.lib(rt_task.o)
    0x08005bf4   0x000000cc   Code   RO         3491    i.rt_sys_init       RTX_CM4.lib(rt_task.o)
    0x08005cc0   0x00000078   Code   RO         3492    i.rt_sys_start      RTX_CM4.lib(rt_task.o)
    0x08005d38   0x00000040   Code   RO         3648    i.rt_systick        RTX_CM4.lib(rt_system.o)
    0x08005d78   0x00000012   Code   RO         2914    i.rt_tid2ptcb       RTX_CM4.lib(rt_cmsis.o)
    0x08005d8a   0x00000002   PAD
    0x08005d8c   0x00000034   Code   RO         2915    i.rt_timer_insert   RTX_CM4.lib(rt_cmsis.o)
    0x08005dc0   0x00000088   Code   RO         3493    i.rt_tsk_create     RTX_CM4.lib(rt_task.o)
    0x08005e48   0x0000017c   Code   RO         3494    i.rt_tsk_delete     RTX_CM4.lib(rt_task.o)
    0x08005fc4   0x0000007c   Code   RO         3496    i.rt_tsk_prio       RTX_CM4.lib(rt_task.o)
    0x08006040   0x00000010   Code   RO         3497    i.rt_tsk_self       RTX_CM4.lib(rt_task.o)
    0x08006050   0x00000070   Code   RO         2918    i.svcKernelInitialize  RTX_CM4.lib(rt_cmsis.o)
    0x080060c0   0x00000048   Code   RO         2920    i.svcKernelStart    RTX_CM4.lib(rt_cmsis.o)
    0x08006108   0x00000024   Code   RO         2923    i.svcMessageCreate  RTX_CM4.lib(rt_cmsis.o)
    0x0800612c   0x0000003a   Code   RO         2924    i.svcMessageGet     RTX_CM4.lib(rt_cmsis.o)
    0x08006166   0x00000002   PAD
    0x08006168   0x00000070   Code   RO         2938    i.svcThreadCreate   RTX_CM4.lib(rt_cmsis.o)
    0x080061d8   0x0000001c   Code   RO         2939    i.svcThreadGetId    RTX_CM4.lib(rt_cmsis.o)
    0x080061f4   0x00000038   Code   RO         2942    i.svcThreadTerminate  RTX_CM4.lib(rt_cmsis.o)
    0x0800622c   0x00000018   Code   RO         2944    i.svcTimerCall      RTX_CM4.lib(rt_cmsis.o)
    0x08006244   0x0000005c   Code   RO         2953    i.sysTimerTick      RTX_CM4.lib(rt_cmsis.o)
    0x080062a0   0x0000000a   Code   RO         4255    x$fpl$fpinit        fz_wm.l(fpinit.o)
    0x080062aa   0x00000002   PAD
    0x080062ac   0x000018a0   Data   RO          800    .constdata          glcd_fonts.o
    0x08007b4c   0x00000056   Data   RO          853    .constdata          rtx_conf_cm.o
    0x08007ba2   0x00000010   Data   RO         2123    .constdata          stm32f7xx_hal_rcc.o
    0x08007bb2   0x00000002   PAD
    0x08007bb4   0x00000048   Data   RO           11    .conststring        tap wars.o
    0x08007bfc   0x00000020   Data   RO         4289    Region$$Table       anon$$obj.o


    Execution Region ER_RW (Base: 0x20010000, Size: 0x00000094, Max: 0xffffffff, ABSOLUTE)

    Base Addr    Size         Type   Attr      Idx    E Section Name        Object

    0x20010000   0x0000002e   Data   RW          195    .data               ft5336.o
    0x2001002e   0x00000002   Data   RW          521    .data               stm32746g_discovery_sdram.o
    0x20010030   0x0000000a   Data   RW          608    .data               stm32746g_discovery_ts.o
    0x2001003a   0x00000002   PAD
    0x2001003c   0x00000008   Data   RW          698    .data               glcd_746g_discovery.o
    0x20010044   0x00000024   Data   RW          854    .data               rtx_conf_cm.o
    0x20010068   0x00000004   Data   RW         2828    .data               system_stm32f7xx.o
    0x2001006c   0x00000008   Data   RW         2956    .data               RTX_CM4.lib(rt_cmsis.o)
    0x20010074   0x00000008   Data   RW         3499    .data               RTX_CM4.lib(rt_task.o)
    0x2001007c   0x00000004   Data   RW         3575    .data               RTX_CM4.lib(rt_time.o)
    0x20010080   0x00000008   Data   RW         3651    .data               RTX_CM4.lib(rt_system.o)
    0x20010088   0x00000008   Data   RW         3939    .data               RTX_CM4.lib(rt_robin.o)
    0x20010090   0x00000001   Data   RW         4019    .data               RTX_CM4.lib(hal_cm.o)


    Execution Region ER_ZI (Base: 0x20010094, Size: 0x000014dc, Max: 0xffffffff, ABSOLUTE)

    Base Addr    Size         Type   Attr      Idx    E Section Name        Object

    0x20010094   0x00000078   Zero   RW          319    .bss                stm32746g_discovery.o
    0x2001010c   0x00000100   Zero   RW          520    .bss                stm32746g_discovery_sdram.o
    0x2001020c   0x00000028   Zero   RW          607    .bss                stm32746g_discovery_ts.o
    0x20010234   0x000000a8   Zero   RW          697    .bss                glcd_746g_discovery.o
    0x200102dc   0x00000004   PAD
    0x200102e0   0x00000bc8   Zero   RW          852    .bss                rtx_conf_cm.o
    0x20010ea8   0x00000034   Zero   RW         3498    .bss                RTX_CM4.lib(rt_task.o)
    0x20010edc   0x00000030   Zero   RW         3781    .bss                RTX_CM4.lib(rt_list.o)
    0x20010f0c   0x00000060   Zero   RW         4081    .bss                c_w.l(libspace.o)
    0x20010f6c   0x00000004   PAD
    0x20010f70   0x00000200   Zero   RW         2816    HEAP                startup_stm32f746xx.o
    0x20011170   0x00000400   Zero   RW         2815    STACK               startup_stm32f746xx.o



  Load Region LR$$.ARM.__AT_0xC0000000 (Base: 0xc0000000, Size: 0x00000000, Max: 0x0003fc00, ABSOLUTE)

    Execution Region ER$$.ARM.__AT_0xC0000000 (Base: 0xc0000000, Size: 0x0003fc00, Max: 0x0003fc00, ABSOLUTE, UNINIT)

    Base Addr    Size         Type   Attr      Idx    E Section Name        Object

    0xc0000000   0x0003fc00   Zero   RW          696    .ARM.__AT_0xC0000000  glcd_746g_discovery.o


==============================================================================

Image component sizes


      Code (inc. data)   RO Data    RW Data    ZI Data      Debug   Object Name

       900         52          0         46          0      17839   ft5336.o
      1010         98          0          8     261288       8695   glcd_746g_discovery.o
         0          0       6304          0          0        784   glcd_fonts.o
       126         26         86         36       3016       9399   rtx_conf_cm.o
        64         26        456          0       1536        888   startup_stm32f746xx.o
       676         48          0          0        120       8344   stm32746g_discovery.o
       748         66          0          2        256       4710   stm32746g_discovery_sdram.o
       768         62          0         10         40       5854   stm32746g_discovery_ts.o
       104          6          0          0          0       3236   stm32f7xx_hal.o
       298         22          0          0          0      36219   stm32f7xx_hal_cortex.o
      4064         46          0          0          0       4088   stm32f7xx_hal_dma.o
       564         52          0          0          0       3279   stm32f7xx_hal_gpio.o
      1824         26          0          0          0      12684   stm32f7xx_hal_i2c.o
       922          6          0          0          0       3646   stm32f7xx_hal_ltdc.o
      2216         46         16          0          0       5001   stm32f7xx_hal_rcc.o
      1948         16          0          0          0       2340   stm32f7xx_hal_rcc_ex.o
       164          0          0          0          0       3516   stm32f7xx_hal_sdram.o
       368          0          0          0          0       3748   stm32f7xx_ll_fmc.o
       100         18          0          4          0       1369   system_stm32f7xx.o
      1700        344         72          0          0     462109   tap wars.o
        88          0          0          0          0       2096   touch_746g_discovery.o

    ----------------------------------------------------------------------
     18668        960       6968        108     266260     599844   Object Totals
         0          0         32          0          0          0   (incl. Generated)
        16          0          2          2          4          0   (incl. Padding)

    ----------------------------------------------------------------------

      Code (inc. data)   RO Data    RW Data    ZI Data      Debug   Library Member Name

       268         24          0          1          0       4452   hal_cm.o
       408         34          0          0          0        816   hal_cm4.o
      1118        140          0          8          0      33869   rt_cmsis.o
        80          4          0          0          0        701   rt_event.o
       530         34          0          0         48       8597   rt_list.o
       550         10          0          0          0       4185   rt_mailbox.o
       140          0          0          0          0       2045   rt_membox.o
       128          0          0          0          0       2419   rt_memory.o
       320         12          0          0          0       1699   rt_mutex.o
        96         22          0          8          0       1230   rt_robin.o
        52          4          0          0          0        613   rt_semaphore.o
       298         52          0          8          0       6439   rt_system.o
      1216        174          0          8         52      10025   rt_task.o
         0          0          0          4          0        206   rt_time.o
         4          4          0          0          0        200   svc_table.o
         8          0          0          0          0         68   __main.o
       104          0          0          0          0         84   __printf.o
         0          0          0          0          0          0   __rtentry.o
        20          0          0          0          0          0   __rtentry2.o
         6          0          0          0          0          0   __rtentry4.o
        52          8          0          0          0          0   __scatter.o
        26          0          0          0          0          0   __scatter_copy.o
        28          0          0          0          0          0   __scatter_zi.o
        48          6          0          0          0         96   _printf_char_common.o
       120         16          0          0          0         92   _printf_dec.o
         6          0          0          0          0          0   _printf_i.o
       178          0          0          0          0         88   _printf_intcommon.o
         0          0          0          0          0          0   _printf_percent.o
         4          0          0          0          0          0   _printf_percent_end.o
        10          0          0          0          0         68   _sputc.o
        18          0          0          0          0         80   exit.o
         6          0          0          0          0        152   heapauxi.o
         0          0          0          0          0          0   indicate_semi.o
         2          0          0          0          0          0   libinit.o
         6          0          0          0          0          0   libinit2.o
         2          0          0          0          0          0   libshutdown.o
         2          0          0          0          0          0   libshutdown2.o
         8          4          0          0         96         68   libspace.o
        40          6          0          0          0         84   noretval__2sprintf.o
       100          0          0          0          0         80   rt_memcpy_w.o
         2          0          0          0          0          0   rtexit.o
        10          0          0          0          0          0   rtexit2.o
        12          4          0          0          0         68   sys_exit.o
        74          0          0          0          0         80   sys_stackheap_outer.o
         2          0          0          0          0         68   use_no_semi.o
        10          0          0          0          0        116   fpinit.o

    ----------------------------------------------------------------------
      6136        558          0         40        200      78788   Library Totals
        24          0          0          3          4          0   (incl. Padding)

    ----------------------------------------------------------------------

      Code (inc. data)   RO Data    RW Data    ZI Data      Debug   Library Name

      5208        514          0         37        100      77496   RTX_CM4.lib
       894         44          0          0         96       1176   c_w.l
        10          0          0          0          0        116   fz_wm.l

    ----------------------------------------------------------------------
      6136        558          0         40        200      78788   Library Totals

    ----------------------------------------------------------------------

==============================================================================


      Code (inc. data)   RO Data    RW Data    ZI Data      Debug   

     24804       1518       6968        148     266460     661812   Grand Totals
     24804       1518       6968        148     266460     661812   ELF Image Totals
     24804       1518       6968        148          0          0   ROM Totals

==============================================================================

    Total RO  Size (Code + RO Data)                31772 (  31.03kB)
    Total RW  Size (RW Data + ZI Data)            266608 ( 260.36kB)
    Total ROM Size (Code + RO Data + RW Data)      31920 (  31.17kB)

==============================================================================

